Component: ARM Compiler 5.05 update 2 (build 169) Tool: armlink [4d0f33]

==============================================================================

Section Cross References

    startup_stm32f030.o(RESET) refers to startup_stm32f030.o(STACK) for __initial_sp
    startup_stm32f030.o(RESET) refers to startup_stm32f030.o(.text) for Reset_Handler
    startup_stm32f030.o(RESET) refers to stm32f0xx_it.o(.text) for NMI_Handler
    startup_stm32f030.o(RESET) refers to drv_system.o(.text) for SysTick_Handler
    startup_stm32f030.o(RESET) refers to drv_keyinput.o(.text) for EXTI4_15_IRQHandler
    startup_stm32f030.o(RESET) refers to drv_timer.o(.text) for TIM16_IRQHandler
    startup_stm32f030.o(.text) refers to system_stm32f0xx.o(.text) for SystemInit
    startup_stm32f030.o(.text) refers to entry.o(.ARM.Collect$$$$00000000) for __main
    main.o(.text) refers to stm32f0xx_rcc.o(.text) for RCC_DeInit
    main.o(.text) refers to stm32f0xx_flash.o(.text) for FLASH_PrefetchBufferCmd
    main.o(.text) refers to drv_system.o(.text) for systemInit
    main.o(.text) refers to queue.o(.text) for init_queue
    main.o(.text) refers to drv_uart.o(.text) for USART1_Init
    main.o(.text) refers to drv_adc.o(.text) for adc_GPIO_Init
    main.o(.text) refers to config.o(.text) for configInit
    main.o(.text) refers to drv_timer.o(.text) for loop_Timer_Init
    main.o(.text) refers to drv_pwm.o(.text) for pwmWrite
    main.o(.text) refers to drv_keyinput.o(.text) for EXTI_Config
    main.o(.text) refers to uidiv.o(.text) for __aeabi_uidivmod
    main.o(.text) refers to drv_uart.o(.bss) for Uart1RxQueue
    main.o(.text) refers to config.o(.bss) for sys
    main.o(.text) refers to drv_pwm.o(.data) for pwmOutputConfig
    main.o(.text) refers to config.o(.bss) for cfg
    main.o(.text) refers to main.o(.data) for .data
    stm32f0xx_it.o(.text) refers to stm32f0xx_usart.o(.text) for USART_GetITStatus
    stm32f0xx_it.o(.text) refers to queue.o(.text) for enqueue
    stm32f0xx_it.o(.text) refers to drv_uart.o(.bss) for Uart1RxQueue
    drv_system.o(.text) refers to uidiv.o(.text) for __aeabi_uidivmod
    drv_system.o(.text) refers to memcpya.o(.text) for __aeabi_memcpy4
    drv_system.o(.text) refers to stm32f0xx_rcc.o(.text) for RCC_AHBPeriphClockCmd
    drv_system.o(.text) refers to stm32f0xx_gpio.o(.text) for GPIO_Init
    drv_system.o(.text) refers to drv_system.o(.data) for .data
    drv_system.o(.text) refers to drv_system.o(.constdata) for .constdata
    drv_system.o(.text) refers to system_stm32f0xx.o(.data) for SystemCoreClock
    drv_uart.o(.text) refers to queue.o(.text) for enqueue
    drv_uart.o(.text) refers to stm32f0xx_usart.o(.text) for USART_ITConfig
    drv_uart.o(.text) refers to stm32f0xx_rcc.o(.text) for RCC_AHBPeriphClockCmd
    drv_uart.o(.text) refers to stm32f0xx_gpio.o(.text) for GPIO_PinAFConfig
    drv_uart.o(.text) refers to stm32f0xx_misc.o(.text) for NVIC_Init
    drv_uart.o(.text) refers to drv_uart.o(.bss) for .bss
    drv_adc.o(.text) refers to stm32f0xx_adc.o(.text) for ADC_DeInit
    drv_adc.o(.text) refers to stm32f0xx_rcc.o(.text) for RCC_APB2PeriphClockCmd
    drv_adc.o(.text) refers to stm32f0xx_dma.o(.text) for DMA_DeInit
    drv_adc.o(.text) refers to stm32f0xx_gpio.o(.text) for GPIO_Init
    drv_adc.o(.text) refers to drv_adc.o(.data) for .data
    drv_pwm.o(.text) refers to memseta.o(.text) for __aeabi_memclr4
    drv_pwm.o(.text) refers to stm32f0xx_rcc.o(.text) for RCC_APB1PeriphClockCmd
    drv_pwm.o(.text) refers to stm32f0xx_gpio.o(.text) for GPIO_Init
    drv_pwm.o(.text) refers to stm32f0xx_tim.o(.text) for TIM_TimeBaseStructInit
    drv_pwm.o(.text) refers to uidiv.o(.text) for __aeabi_uidivmod
    drv_pwm.o(.text) refers to drv_pwm.o(.data) for .data
    drv_pwm.o(.text) refers to system_stm32f0xx.o(.data) for SystemCoreClock
    drv_pwm.o(.text) refers to config.o(.bss) for sys
    drv_keyinput.o(.text) refers to stm32f0xx_rcc.o(.text) for RCC_AHBPeriphClockCmd
    drv_keyinput.o(.text) refers to stm32f0xx_gpio.o(.text) for GPIO_Init
    drv_keyinput.o(.text) refers to stm32f0xx_syscfg.o(.text) for SYSCFG_EXTILineConfig
    drv_keyinput.o(.text) refers to stm32f0xx_exti.o(.text) for EXTI_Init
    drv_keyinput.o(.text) refers to stm32f0xx_misc.o(.text) for NVIC_Init
    drv_keyinput.o(.text) refers to config.o(.text) for mode_Change
    config.o(.text) refers to drv_pwm.o(.text) for pwmOutputInit
    config.o(.text) refers to drv_system.o(.text) for delay
    config.o(.text) refers to stm32f0xx_gpio.o(.text) for GPIO_ReadInputDataBit
    config.o(.text) refers to uidiv.o(.text) for __aeabi_uidivmod
    config.o(.text) refers to fadd.o(.text) for __aeabi_fadd
    config.o(.text) refers to fmul.o(.text) for __aeabi_fmul
    config.o(.text) refers to ffixi.o(.text) for __aeabi_f2iz
    config.o(.text) refers to strlen.o(.text) for strlen
    config.o(.text) refers to strcat.o(.text) for strcat
    config.o(.text) refers to strncpy.o(.text) for strncpy
[...]
    Removing drv_pwm.o(.revsh_text), (4 bytes).
    Removing drv_keyinput.o(.rev16_text), (4 bytes).
    Removing drv_keyinput.o(.revsh_text), (4 bytes).
    Removing config.o(.rev16_text), (4 bytes).
    Removing config.o(.revsh_text), (4 bytes).
    Removing drv_timer.o(.rev16_text), (4 bytes).
    Removing drv_timer.o(.revsh_text), (4 bytes).
    Removing drv_timer.o(.bss), (12 bytes).
    Removing drv_timer.o(.bss), (20 bytes).
    Removing queue.o(.rev16_text), (4 bytes).
    Removing queue.o(.revsh_text), (4 bytes).
    Removing stm32f0xx_adc.o(.rev16_text), (4 bytes).
    Removing stm32f0xx_adc.o(.revsh_text), (4 bytes).
    Removing stm32f0xx_cec.o(.rev16_text), (4 bytes).
    Removing stm32f0xx_cec.o(.revsh_text), (4 bytes).
    Removing stm32f0xx_cec.o(.text), (272 bytes).
    Removing stm32f0xx_comp.o(.rev16_text), (4 bytes).
    Removing stm32f0xx_comp.o(.revsh_text), (4 bytes).
    Removing stm32f0xx_comp.o(.text), (172 bytes).
    Removing stm32f0xx_crc.o(.rev16_text), (4 bytes).
    Removing stm32f0xx_crc.o(.revsh_text), (4 bytes).
    Removing stm32f0xx_crc.o(.text), (124 bytes).
    Removing stm32f0xx_dac.o(.rev16_text), (4 bytes).
    Removing stm32f0xx_dac.o(.revsh_text), (4 bytes).
    Removing stm32f0xx_dac.o(.text), (244 bytes).
    Removing stm32f0xx_dbgmcu.o(.rev16_text), (4 bytes).
    Removing stm32f0xx_dbgmcu.o(.revsh_text), (4 bytes).
    Removing stm32f0xx_dbgmcu.o(.text), (76 bytes).
    Removing stm32f0xx_dma.o(.rev16_text), (4 bytes).
    Removing stm32f0xx_dma.o(.revsh_text), (4 bytes).
    Removing stm32f0xx_exti.o(.rev16_text), (4 bytes).
    Removing stm32f0xx_exti.o(.revsh_text), (4 bytes).
    Removing stm32f0xx_flash.o(.rev16_text), (4 bytes).
    Removing stm32f0xx_flash.o(.revsh_text), (4 bytes).
    Removing stm32f0xx_gpio.o(.rev16_text), (4 bytes).
    Removing stm32f0xx_gpio.o(.revsh_text), (4 bytes).
    Removing stm32f0xx_i2c.o(.rev16_text), (4 bytes).
    Removing stm32f0xx_i2c.o(.revsh_text), (4 bytes).
    Removing stm32f0xx_i2c.o(.text), (868 bytes).
    Removing stm32f0xx_iwdg.o(.rev16_text), (4 bytes).
    Removing stm32f0xx_iwdg.o(.revsh_text), (4 bytes).
    Removing stm32f0xx_iwdg.o(.text), (68 bytes).
    Removing stm32f0xx_misc.o(.rev16_text), (4 bytes).
    Removing stm32f0xx_misc.o(.revsh_text), (4 bytes).
    Removing stm32f0xx_pwr.o(.rev16_text), (4 bytes).
    Removing stm32f0xx_pwr.o(.revsh_text), (4 bytes).
    Removing stm32f0xx_pwr.o(.text), (224 bytes).
    Removing stm32f0xx_rcc.o(.rev16_text), (4 bytes).
    Removing stm32f0xx_rcc.o(.revsh_text), (4 bytes).
    Removing stm32f0xx_rtc.o(.rev16_text), (4 bytes).
    Removing stm32f0xx_rtc.o(.revsh_text), (4 bytes).
    Removing stm32f0xx_rtc.o(.text), (2128 bytes).
    Removing stm32f0xx_spi.o(.rev16_text), (4 bytes).
    Removing stm32f0xx_spi.o(.revsh_text), (4 bytes).
    Removing stm32f0xx_spi.o(.text), (756 bytes).
    Removing stm32f0xx_syscfg.o(.rev16_text), (4 bytes).
    Removing stm32f0xx_syscfg.o(.revsh_text), (4 bytes).
    Removing stm32f0xx_tim.o(.rev16_text), (4 bytes).
    Removing stm32f0xx_tim.o(.revsh_text), (4 bytes).
    Removing stm32f0xx_usart.o(.rev16_text), (4 bytes).
    Removing stm32f0xx_usart.o(.revsh_text), (4 bytes).
    Removing stm32f0xx_wwdg.o(.rev16_text), (4 bytes).
    Removing stm32f0xx_wwdg.o(.revsh_text), (4 bytes).
    Removing stm32f0xx_wwdg.o(.text), (120 bytes).
    Removing system_stm32f0xx.o(.rev16_text), (4 bytes).
    Removing system_stm32f0xx.o(.revsh_text), (4 bytes).
    Removing dfixul.o(.text), (64 bytes).
    Removing cdrcmple.o(.text), (40 bytes).

80 unused section(s) (total 5956 bytes) removed from the image.

==============================================================================

Image Symbol Table

    Local Symbols

    Symbol Name                              Value     Ov Type        Size  Object(Section)

    ../clib/microlib/ctype/ctype.c           0x00000000   Number         0  isprint_o.o ABSOLUTE
    ../clib/microlib/ctype/ctype.c           0x00000000   Number         0  isalpha_o.o ABSOLUTE
    ../clib/microlib/ctype/ctype.c           0x00000000   Number         0  isalnum_o.o ABSOLUTE
    ../clib/microlib/ctype/ctype.c           0x00000000   Number         0  ctype_o.o ABSOLUTE
    ../clib/microlib/ctype/ctype.c           0x00000000   Number         0  isgraph_o.o ABSOLUTE
    ../clib/microlib/ctype/ctype.c           0x00000000   Number         0  isdigit_o.o ABSOLUTE
    ../clib/microlib/ctype/ctype.c           0x00000000   Number         0  islower_o.o ABSOLUTE
    ../clib/microlib/ctype/ctype.c           0x00000000   Number         0  iscntrl_o.o ABSOLUTE
    ../clib/microlib/ctype/ctype.c           0x00000000   Number         0  isblank_o.o ABSOLUTE
    ../clib/microlib/ctype/ctype.c           0x00000000   Number         0  isxdigit_o.o ABSOLUTE
    ../clib/microlib/ctype/ctype.c           0x00000000   Number         0  isupper_o.o ABSOLUTE
    ../clib/microlib/ctype/ctype.c           0x00000000   Number         0  isspace_o.o ABSOLUTE
    ../clib/microlib/ctype/ctype.c           0x00000000   Number         0  ispunct_o.o ABSOLUTE
    ../clib/microlib/ctype/tolower.c         0x00000000   Number         0  tolower.o ABSOLUTE
    ../clib/microlib/division.c              0x00000000   Number         0  uldiv.o ABSOLUTE
    ../clib/microlib/division.c              0x00000000   Number         0  uidiv.o ABSOLUTE
    ../clib/microlib/errno.c                 0x00000000   Number         0  errno.o ABSOLUTE
    ../clib/microlib/init/entry.s            0x00000000   Number         0  entry.o ABSOLUTE
    ../clib/microlib/init/entry.s            0x00000000   Number         0  entry7b.o ABSOLUTE
    ../clib/microlib/init/entry.s            0x00000000   Number         0  entry9b.o ABSOLUTE
    ../clib/microlib/init/entry.s            0x00000000   Number         0  entry8b.o ABSOLUTE
    ../clib/microlib/init/entry.s            0x00000000   Number         0  entry5.o ABSOLUTE
    ../clib/microlib/init/entry.s            0x00000000   Number         0  entry2.o ABSOLUTE
    ../clib/microlib/init/entry.s            0x00000000   Number         0  entry9a.o ABSOLUTE
    ../clib/microlib/init/entry.s            0x00000000   Number         0  entry7a.o ABSOLUTE
    ../clib/microlib/init/entry.s            0x00000000   Number         0  entry8a.o ABSOLUTE
    ../clib/microlib/init/entry.s            0x00000000   Number         0  entry11b.o ABSOLUTE
    ../clib/microlib/init/entry.s            0x00000000   Number         0  entry11a.o ABSOLUTE
    ../clib/microlib/init/entry.s            0x00000000   Number         0  entry10b.o ABSOLUTE
    ../clib/microlib/init/entry.s            0x00000000   Number         0  entry10a.o ABSOLUTE
    ../clib/microlib/longlong.c              0x00000000   Number         0  llshl.o ABSOLUTE
    ../clib/microlib/longlong.c              0x00000000   Number         0  llushr.o ABSOLUTE
    ../clib/microlib/longlong.c              0x00000000   Number         0  llsshr.o ABSOLUTE
    ../clib/microlib/printf/printf.c         0x00000000   Number         0  printf0.o ABSOLUTE
    ../clib/microlib/printf/printf.c         0x00000000   Number         0  printf3.o ABSOLUTE
    ../clib/microlib/printf/printf.c         0x00000000   Number         0  printf1.o ABSOLUTE
    ../clib/microlib/printf/printf.c         0x00000000   Number         0  printfa.o ABSOLUTE
    ../clib/microlib/printf/printf.c         0x00000000   Number         0  printf8.o ABSOLUTE
    ../clib/microlib/printf/printf.c         0x00000000   Number         0  printf7.o ABSOLUTE
    ../clib/microlib/printf/printf.c         0x00000000   Number         0  printf2.o ABSOLUTE
    ../clib/microlib/printf/printf.c         0x00000000   Number         0  printf6.o ABSOLUTE
    ../clib/microlib/printf/printf.c         0x00000000   Number         0  printf5.o ABSOLUTE
    ../clib/microlib/printf/printf.c         0x00000000   Number         0  printf4.o ABSOLUTE
    ../clib/microlib/printf/printf.c         0x00000000   Number         0  printfb.o ABSOLUTE
    ../clib/microlib/printf/stubs.s          0x00000000   Number         0  stubs.o ABSOLUTE
    ../clib/microlib/stdio/streams.c         0x00000000   Number         0  stdout.o ABSOLUTE
    ../clib/microlib/string/memcpy.c         0x00000000   Number         0  memcpya.o ABSOLUTE
    ../clib/microlib/string/memcpy.c         0x00000000   Number         0  memcpyb.o ABSOLUTE
    ../clib/microlib/string/memset.c         0x00000000   Number         0  memseta.o ABSOLUTE
    ../clib/microlib/string/strcat.c         0x00000000   Number         0  strcat.o ABSOLUTE
    ../clib/microlib/string/strlen.c         0x00000000   Number         0  strlen.o ABSOLUTE
    ../clib/microlib/string/strncasecmp.c    0x00000000   Number         0  strncasecmp.o ABSOLUTE
    ../clib/microlib/string/strncpy.c        0x00000000   Number         0  strncpy.o ABSOLUTE
    ../clib/microlib/string/strstr.c         0x00000000   Number         0  strstr.o ABSOLUTE
    ../clib/microlib/stubs.s                 0x00000000   Number         0  iusefp.o ABSOLUTE
    ../clib/scanf.c                          0x00000000   Number         0  strtol.o ABSOLUTE
    ../clib/scanf.c                          0x00000000   Number         0  _chval.o ABSOLUTE
    ../clib/scanf.c                          0x00000000   Number         0  _strtoul.o ABSOLUTE
    ../clib/scanf.c                          0x00000000   Number         0  atoi.o ABSOLUTE
    ../fplib/microlib/d2f.c                  0x00000000   Number         0  d2f.o ABSOLUTE
    ../fplib/microlib/fpadd.c                0x00000000   Number         0  dadd.o ABSOLUTE
    ../fplib/microlib/fpadd.c                0x00000000   Number         0  fadd.o ABSOLUTE
    ../fplib/microlib/fpdiv.c                0x00000000   Number         0  ddiv.o ABSOLUTE
    ../fplib/microlib/fpepilogue.c           0x00000000   Number         0  fepilogue.o ABSOLUTE
    ../fplib/microlib/fpepilogue.c           0x00000000   Number         0  depilogue.o ABSOLUTE
    ../fplib/microlib/fpfix.c                0x00000000   Number         0  dfixul.o ABSOLUTE
    ../fplib/microlib/fpfix.c                0x00000000   Number         0  ffixi.o ABSOLUTE
    ../fplib/microlib/fpflt.c                0x00000000   Number         0  dflti.o ABSOLUTE
    ../fplib/microlib/fpflt.c                0x00000000   Number         0  fflti.o ABSOLUTE
    ../fplib/microlib/fpmul.c                0x00000000   Number         0  dmul.o ABSOLUTE
    ../fplib/microlib/fpmul.c                0x00000000   Number         0  fmul.o ABSOLUTE
    Libraries\CMSIS\Device\ST\STM32F0xx\Source\Templates\system_stm32f0xx.c 0x00000000   Number         0  system_stm32f0xx.o ABSOLUTE
    Libraries\STM32F0xx_StdPeriph_Driver\src\stm32f0xx_adc.c 0x00000000   Number         0  stm32f0xx_adc.o ABSOLUTE
    Libraries\STM32F0xx_StdPeriph_Driver\src\stm32f0xx_cec.c 0x00000000   Number         0  stm32f0xx_cec.o ABSOLUTE
    Libraries\STM32F0xx_StdPeriph_Driver\src\stm32f0xx_comp.c 0x00000000   Number         0  stm32f0xx_comp.o ABSOLUTE
    Libraries\STM32F0xx_StdPeriph_Driver\src\stm32f0xx_crc.c 0x00000000   Number         0  stm32f0xx_crc.o ABSOLUTE
    Libraries\STM32F0xx_StdPeriph_Driver\src\stm32f0xx_dac.c 0x00000000   Number         0  stm32f0xx_dac.o ABSOLUTE
    Libraries\STM32F0xx_StdPeriph_Driver\src\stm32f0xx_dbgmcu.c 0x00000000   Number         0  stm32f0xx_dbgmcu.o ABSOLUTE
    Libraries\STM32F0xx_StdPeriph_Driver\src\stm32f0xx_dma.c 0x00000000   Number         0  stm32f0xx_dma.o ABSOLUTE
    Libraries\STM32F0xx_StdPeriph_Driver\src\stm32f0xx_exti.c 0x00000000   Number         0  stm32f0xx_exti.o ABSOLUTE
    Libraries\STM32F0xx_StdPeriph_Driver\src\stm32f0xx_flash.c 0x00000000   Number         0  stm32f0xx_flash.o ABSOLUTE
    Libraries\STM32F0xx_StdPeriph_Driver\src\stm32f0xx_gpio.c 0x00000000   Number         0  stm32f0xx_gpio.o ABSOLUTE
    Libraries\STM32F0xx_StdPeriph_Driver\src\stm32f0xx_i2c.c 0x00000000   Number         0  stm32f0xx_i2c.o ABSOLUTE
    Libraries\STM32F0xx_StdPeriph_Driver\src\stm32f0xx_iwdg.c 0x00000000   Number         0  stm32f0xx_iwdg.o ABSOLUTE
    Libraries\STM32F0xx_StdPeriph_Driver\src\stm32f0xx_misc.c 0x00000000   Number         0  stm32f0xx_misc.o ABSOLUTE
    Libraries\STM32F0xx_StdPeriph_Driver\src\stm32f0xx_pwr.c 0x00000000   Number         0  stm32f0xx_pwr.o ABSOLUTE
    Libraries\STM32F0xx_StdPeriph_Driver\src\stm32f0xx_rcc.c 0x00000000   Number         0  stm32f0xx_rcc.o ABSOLUTE
    Libraries\STM32F0xx_StdPeriph_Driver\src\stm32f0xx_rtc.c 0x00000000   Number         0  stm32f0xx_rtc.o ABSOLUTE
    Libraries\STM32F0xx_StdPeriph_Driver\src\stm32f0xx_spi.c 0x00000000   Number         0  stm32f0xx_spi.o ABSOLUTE
    Libraries\STM32F0xx_StdPeriph_Driver\src\stm32f0xx_syscfg.c 0x00000000   Number         0  stm32f0xx_syscfg.o ABSOLUTE
    Libraries\STM32F0xx_StdPeriph_Driver\src\stm32f0xx_tim.c 0x00000000   Number         0  stm32f0xx_tim.o ABSOLUTE
    Libraries\STM32F0xx_StdPeriph_Driver\src\stm32f0xx_usart.c 0x00000000   Number         0  stm32f0xx_usart.o ABSOLUTE
    Libraries\STM32F0xx_StdPeriph_Driver\src\stm32f0xx_wwdg.c 0x00000000   Number         0  stm32f0xx_wwdg.o ABSOLUTE
    Libraries\\CMSIS\\Device\\ST\\STM32F0xx\\Source\\Templates\\system_stm32f0xx.c 0x00000000   Number         0  system_stm32f0xx.o ABSOLUTE
    Libraries\\STM32F0xx_StdPeriph_Driver\\src\\stm32f0xx_adc.c 0x00000000   Number         0  stm32f0xx_adc.o ABSOLUTE
    Libraries\\STM32F0xx_StdPeriph_Driver\\src\\stm32f0xx_cec.c 0x00000000   Number         0  stm32f0xx_cec.o ABSOLUTE
    Libraries\\STM32F0xx_StdPeriph_Driver\\src\\stm32f0xx_comp.c 0x00000000   Number         0  stm32f0xx_comp.o ABSOLUTE
    Libraries\\STM32F0xx_StdPeriph_Driver\\src\\stm32f0xx_crc.c 0x00000000   Number         0  stm32f0xx_crc.o ABSOLUTE
    Libraries\\STM32F0xx_StdPeriph_Driver\\src\\stm32f0xx_dac.c 0x00000000   Number         0  stm32f0xx_dac.o ABSOLUTE
    Libraries\\STM32F0xx_StdPeriph_Driver\\src\\stm32f0xx_dbgmcu.c 0x00000000   Number         0  stm32f0xx_dbgmcu.o ABSOLUTE
    Libraries\\STM32F0xx_StdPeriph_Driver\\src\\stm32f0xx_dma.c 0x00000000   Number         0  stm32f0xx_dma.o ABSOLUTE
    Libraries\\STM32F0xx_StdPeriph_Driver\\src\\stm32f0xx_exti.c 0x00000000   Number         0  stm32f0xx_exti.o ABSOLUTE
    Libraries\\STM32F0xx_StdPeriph_Driver\\src\\stm32f0xx_flash.c 0x00000000   Number         0  stm32f0xx_flash.o ABSOLUTE
    Libraries\\STM32F0xx_StdPeriph_Driver\\src\\stm32f0xx_gpio.c 0x00000000   Number         0  stm32f0xx_gpio.o ABSOLUTE
    Libraries\\STM32F0xx_StdPeriph_Driver\\src\\stm32f0xx_i2c.c 0x00000000   Number         0  stm32f0xx_i2c.o ABSOLUTE
    Libraries\\STM32F0xx_StdPeriph_Driver\\src\\stm32f0xx_iwdg.c 0x00000000   Number         0  stm32f0xx_iwdg.o ABSOLUTE
    Libraries\\STM32F0xx_StdPeriph_Driver\\src\\stm32f0xx_misc.c 0x00000000   Number         0  stm32f0xx_misc.o ABSOLUTE
    Libraries\\STM32F0xx_StdPeriph_Driver\\src\\stm32f0xx_pwr.c 0x00000000   Number         0  stm32f0xx_pwr.o ABSOLUTE
    Libraries\\STM32F0xx_StdPeriph_Driver\\src\\stm32f0xx_rcc.c 0x00000000   Number         0  stm32f0xx_rcc.o ABSOLUTE
    Libraries\\STM32F0xx_StdPeriph_Driver\\src\\stm32f0xx_rtc.c 0x00000000   Number         0  stm32f0xx_rtc.o ABSOLUTE
    Libraries\\STM32F0xx_StdPeriph_Driver\\src\\stm32f0xx_spi.c 0x00000000   Number         0  stm32f0xx_spi.o ABSOLUTE
    Libraries\\STM32F0xx_StdPeriph_Driver\\src\\stm32f0xx_syscfg.c 0x00000000   Number         0  stm32f0xx_syscfg.o ABSOLUTE
    Libraries\\STM32F0xx_StdPeriph_Driver\\src\\stm32f0xx_tim.c 0x00000000   Number         0  stm32f0xx_tim.o ABSOLUTE
    Libraries\\STM32F0xx_StdPeriph_Driver\\src\\stm32f0xx_usart.c 0x00000000   Number         0  stm32f0xx_usart.o ABSOLUTE
    Libraries\\STM32F0xx_StdPeriph_Driver\\src\\stm32f0xx_wwdg.c 0x00000000   Number         0  stm32f0xx_wwdg.o ABSOLUTE
    Source\\config.c                         0x00000000   Number         0  config.o ABSOLUTE
    Source\\drv_adc.c                        0x00000000   Number         0  drv_adc.o ABSOLUTE
    Source\\drv_keyInput.c                   0x00000000   Number         0  drv_keyinput.o ABSOLUTE
    Source\\drv_pwm.c                        0x00000000   Number         0  drv_pwm.o ABSOLUTE
    Source\\drv_system.c                     0x00000000   Number         0  drv_system.o ABSOLUTE
    Source\\drv_timer.c                      0x00000000   Number         0  drv_timer.o ABSOLUTE
    Source\\drv_uart.c                       0x00000000   Number         0  drv_uart.o ABSOLUTE
    Source\\main.c                           0x00000000   Number         0  main.o ABSOLUTE
    Source\\queue.c                          0x00000000   Number         0  queue.o ABSOLUTE
    Source\\stm32f0xx_it.c                   0x00000000   Number         0  stm32f0xx_it.o ABSOLUTE
    Source\config.c                          0x00000000   Number         0  config.o ABSOLUTE
    Source\drv_adc.c                         0x00000000   Number         0  drv_adc.o ABSOLUTE
    Source\drv_keyInput.c                    0x00000000   Number         0  drv_keyinput.o ABSOLUTE
    Source\drv_pwm.c                         0x00000000   Number         0  drv_pwm.o ABSOLUTE
    Source\drv_system.c                      0x00000000   Number         0  drv_system.o ABSOLUTE
    Source\drv_timer.c                       0x00000000   Number         0  drv_timer.o ABSOLUTE
    Source\drv_uart.c                        0x00000000   Number         0  drv_uart.o ABSOLUTE
    Source\main.c                            0x00000000   Number         0  main.o ABSOLUTE
    Source\queue.c                           0x00000000   Number         0  queue.o ABSOLUTE
    Source\stm32f0xx_it.c                    0x00000000   Number         0  stm32f0xx_it.o ABSOLUTE
    cdrcmple.s                               0x00000000   Number         0  cdrcmple.o ABSOLUTE
    cfcmple.s                                0x00000000   Number         0  cfcmple.o ABSOLUTE
    cfrcmple.s                               0x00000000   Number         0  cfrcmple.o ABSOLUTE
    dc.s                                     0x00000000   Number         0  dc.o ABSOLUTE
    handlers.s                               0x00000000   Number         0  handlers.o ABSOLUTE
    init.s                                   0x00000000   Number         0  init.o ABSOLUTE
    startup_stm32f030.s                      0x00000000   Number         0  startup_stm32f030.o ABSOLUTE
    RESET                                    0x08000000   Section      180  startup_stm32f030.o(RESET)
    .ARM.Collect$$$$00000000                 0x080000b4   Section        0  entry.o(.ARM.Collect$$$$00000000)
    .ARM.Collect$$$$00000001                 0x080000b4   Section        4  entry2.o(.ARM.Collect$$$$00000001)
    .ARM.Collect$$$$00000004                 0x080000b8   Section        4  entry5.o(.ARM.Collect$$$$00000004)
    .ARM.Collect$$$$00000008                 0x080000bc   Section        0  entry7b.o(.ARM.Collect$$$$00000008)
    .ARM.Collect$$$$0000000A                 0x080000bc   Section        0  entry8b.o(.ARM.Collect$$$$0000000A)
    .ARM.Collect$$$$0000000B                 0x080000bc   Section        8  entry9a.o(.ARM.Collect$$$$0000000B)
    .ARM.Collect$$$$0000000D                 0x080000c4   Section        0  entry10a.o(.ARM.Collect$$$$0000000D)
    .ARM.Collect$$$$0000000F                 0x080000c4   Section        0  entry11a.o(.ARM.Collect$$$$0000000F)
    .ARM.Collect$$$$00002712                 0x080000c4   Section        4  entry2.o(.ARM.Collect$$$$00002712)
    __lit__00000000                          0x080000c4   Data           4  entry2.o(.ARM.Collect$$$$00002712)
    .text                                    0x080000c8   Section       28  startup_stm32f030.o(.text)
    .text                                    0x080000e4   Section        0  main.o(.text)
    .text                                    0x080003b0   Section        0  stm32f0xx_it.o(.text)
    .text                                    0x0800041c   Section        0  drv_system.o(.text)
    .text                                    0x08000560   Section        0  drv_uart.o(.text)
    .text                                    0x08000698   Section        0  drv_adc.o(.text)
    .text                                    0x08000798   Section        0  drv_pwm.o(.text)
    .text                                    0x080008a4   Section        0  drv_keyinput.o(.text)
    .text                                    0x08000918   Section        0  config.o(.text)
    i2a                                      0x08000a87   Thumb Code    40  config.o(.text)
    ftoa                                     0x08000ad7   Thumb Code   186  config.o(.text)
    cliPrintVar                              0x08000b91   Thumb Code   142  config.o(.text)
    _atof                                    0x08000c1f   Thumb Code   448  config.o(.text)
    .text                                    0x08000fd0   Section        0  drv_timer.o(.text)
    .text                                    0x080011a8   Section        0  queue.o(.text)
    .text                                    0x08001230   Section        0  stm32f0xx_adc.o(.text)
    .text                                    0x08001454   Section        0  stm32f0xx_dma.o(.text)
    .text                                    0x08001578   Section        0  stm32f0xx_exti.o(.text)
    .text                                    0x08001644   Section        0  stm32f0xx_flash.o(.text)
    .text                                    0x08001a90   Section        0  stm32f0xx_gpio.o(.text)
    .text                                    0x08001bec   Section        0  stm32f0xx_misc.o(.text)
    .text                                    0x08001c68   Section        0  stm32f0xx_rcc.o(.text)
    .text                                    0x08002074   Section        0  stm32f0xx_syscfg.o(.text)
    .text                                    0x0800210c   Section        0  stm32f0xx_tim.o(.text)
    TI2_Config                               0x080026f9   Thumb Code    42  stm32f0xx_tim.o(.text)
    TI1_Config                               0x08002733   Thumb Code    40  stm32f0xx_tim.o(.text)
    .text                                    0x08002a30   Section        0  stm32f0xx_usart.o(.text)
    .text                                    0x08002e68   Section        0  system_stm32f0xx.o(.text)
    SetSysClock                              0x08002f17   Thumb Code   142  system_stm32f0xx.o(.text)
    .text                                    0x08002fc0   Section        0  uidiv.o(.text)
    .text                                    0x08002fec   Section        0  memcpya.o(.text)
    .text                                    0x08003010   Section        0  memseta.o(.text)
    .text                                    0x08003034   Section        0  strcat.o(.text)
    .text                                    0x0800304c   Section        0  strstr.o(.text)
    .text                                    0x08003074   Section        0  strncpy.o(.text)
    .text                                    0x0800308e   Section        0  strlen.o(.text)
    .text                                    0x0800309c   Section        0  strncasecmp.o(.text)
    .text                                    0x080030ca   Section        0  atoi.o(.text)
    .text                                    0x080030e4   Section        0  fadd.o(.text)
    .text                                    0x08003196   Section        0  fmul.o(.text)
    .text                                    0x08003210   Section        0  dadd.o(.text)
    .text                                    0x08003374   Section        0  dmul.o(.text)
    .text                                    0x08003444   Section        0  ddiv.o(.text)
    .text                                    0x08003534   Section        0  fflti.o(.text)
    .text                                    0x0800354c   Section        0  dflti.o(.text)
    .text                                    0x08003574   Section        0  ffixi.o(.text)
    .text                                    0x080035a6   Section        0  d2f.o(.text)
    .text                                    0x080035e0   Section       20  cfcmple.o(.text)
    .text                                    0x080035f4   Section       20  cfrcmple.o(.text)
    .text                                    0x08003608   Section        0  llshl.o(.text)
    .text                                    0x08003628   Section        0  llsshr.o(.text)
    .text                                    0x0800364e   Section        0  tolower.o(.text)
    .text                                    0x0800365c   Section        0  strtol.o(.text)
    .text                                    0x080036cc   Section        0  fepilogue.o(.text)
    .text                                    0x080036cc   Section        0  iusefp.o(.text)
    .text                                    0x0800374e   Section        0  depilogue.o(.text)
    .text                                    0x0800380c   Section       36  init.o(.text)
    .text                                    0x08003830   Section        0  llushr.o(.text)
    .text                                    0x08003854   Section        0  ctype_o.o(.text)
    .text                                    0x0800385c   Section        0  _strtoul.o(.text)
    .text                                    0x08003902   Section        0  _chval.o(.text)
    i.__0printf$3                            0x08003920   Section        0  printf3.o(i.__0printf$3)
    i.__ARM_clz                              0x08003940   Section        0  depilogue.o(i.__ARM_clz)
    i.__ARM_common_switch8                   0x0800396e   Section        0  config.o(i.__ARM_common_switch8)
    i.__aeabi_errno_addr                     0x08003988   Section        0  errno.o(i.__aeabi_errno_addr)
    i.__scatterload_copy                     0x08003990   Section       14  handlers.o(i.__scatterload_copy)
    i.__scatterload_null                     0x0800399e   Section        2  handlers.o(i.__scatterload_null)
    i.__scatterload_zeroinit                 0x080039a0   Section       14  handlers.o(i.__scatterload_zeroinit)
    i._printf_core                           0x080039b0   Section        0  printf3.o(i._printf_core)
    _printf_core                             0x080039b1   Thumb Code   456  printf3.o(i._printf_core)
    .constdata                               0x08003b7c   Section       60  drv_system.o(.constdata)
    .constdata                               0x08003bb8   Section      192  config.o(.constdata)
    .constdata                               0x08003c78   Section      129  ctype_o.o(.constdata)
    .constdata                               0x08003cfc   Section        4  ctype_o.o(.constdata)
    table                                    0x08003cfc   Data           4  ctype_o.o(.constdata)
    .conststring                             0x08003d00   Section       78  config.o(.conststring)
    .data                                    0x20000000   Section       16  main.o(.data)
    k                                        0x20000000   Data           1  main.o(.data)
    actionTime                               0x20000004   Data           4  main.o(.data)
    elapsedTime                              0x20000008   Data           4  main.o(.data)
    oldTime                                  0x2000000c   Data           4  main.o(.data)
    .data                                    0x20000010   Section        8  drv_system.o(.data)
    usTicks                                  0x20000010   Data           4  drv_system.o(.data)
    sysTickUptime                            0x20000014   Data           4  drv_system.o(.data)
    .data                                    0x20000018   Section        4  drv_adc.o(.data)
    .data                                    0x2000001c   Section       12  drv_pwm.o(.data)
    OutputChannels                           0x2000001c   Data          12  drv_pwm.o(.data)
    .data                                    0x20000028   Section        6  drv_pwm.o(.data)
    .data                                    0x20000030   Section       24  config.o(.data)
    i                                        0x20000030   Data           2  config.o(.data)
    befor_time                               0x20000034   Data           4  config.o(.data)
    push_sum_time                            0x20000038   Data           4  config.o(.data)
    readDeadline                             0x2000003c   Data           4  config.o(.data)
    termination_delay_time                   0x20000040   Data           4  config.o(.data)
    time_now                                 0x20000044   Data           4  config.o(.data)
    .data                                    0x20000048   Section       12  drv_timer.o(.data)
    direction                                0x20000048   Data           1  drv_timer.o(.data)
    move_speed                               0x20000050   Data           4  drv_timer.o(.data)
    .data                                    0x20000054   Section       16  stm32f0xx_rcc.o(.data)
    APBAHBPrescTable                         0x20000054   Data          16  stm32f0xx_rcc.o(.data)
    .data                                    0x20000064   Section       20  system_stm32f0xx.o(.data)
    .data                                    0x20000078   Section        4  stdout.o(.data)
    .data                                    0x2000007c   Section        4  errno.o(.data)
    _errno                                   0x2000007c   Data           4  errno.o(.data)
    .bss                                     0x20000080   Section      528  drv_uart.o(.bss)
    .bss                                     0x20000290   Section      288  config.o(.bss)
    uart_rxd_buffer                          0x20000290   Data         256  config.o(.bss)
    .bss                                     0x200003b0   Section       12  config.o(.bss)
    STACK                                    0x200003c0   Section     1024  startup_stm32f030.o(STACK)

    Global Symbols

    Symbol Name                              Value     Ov Type        Size  Object(Section)

    BuildAttributes$$THM_ISAv3M$S$PE$A:L22$X:L11$S22$IEEE1$IW$USESV6$~STKCKD$USESV7$~SHL$OTIME$ROPI$EBA8$MICROLIB$REQ8$PRES8$EABIv2 0x00000000   Number         0  anon$$obj.o ABSOLUTE
    __ARM_use_no_argv                        0x00000000   Number         0  main.o ABSOLUTE
    _printf_a                                0x00000000   Number         0  stubs.o ABSOLUTE
    _printf_c                                0x00000000   Number         0  stubs.o ABSOLUTE
    _printf_charcount                        0x00000000   Number         0  stubs.o ABSOLUTE
    _printf_d                                0x00000000   Number         0  stubs.o ABSOLUTE
    _printf_e                                0x00000000   Number         0  stubs.o ABSOLUTE
    _printf_f                                0x00000000   Number         0  stubs.o ABSOLUTE
    _printf_flags                            0x00000000   Number         0  stubs.o ABSOLUTE
    _printf_fp_dec                           0x00000000   Number         0  stubs.o ABSOLUTE
    _printf_fp_hex                           0x00000000   Number         0  stubs.o ABSOLUTE
    _printf_g                                0x00000000   Number         0  stubs.o ABSOLUTE
    _printf_i                                0x00000000   Number         0  stubs.o ABSOLUTE
    _printf_int_dec                          0x00000000   Number         0  stubs.o ABSOLUTE
    _printf_l                                0x00000000   Number         0  stubs.o ABSOLUTE
    _printf_lc                               0x00000000   Number         0  stubs.o ABSOLUTE
    _printf_ll                               0x00000000   Number         0  stubs.o ABSOLUTE
    _printf_lld                              0x00000000   Number         0  stubs.o ABSOLUTE
    _printf_lli                              0x00000000   Number         0  stubs.o ABSOLUTE
    _printf_llo                              0x00000000   Number         0  stubs.o ABSOLUTE
    _printf_llu                              0x00000000   Number         0  stubs.o ABSOLUTE
    _printf_llx                              0x00000000   Number         0  stubs.o ABSOLUTE
    _printf_longlong_dec                     0x00000000   Number         0  stubs.o ABSOLUTE
    _printf_longlong_hex                     0x00000000   Number         0  stubs.o ABSOLUTE
    _printf_longlong_oct                     0x00000000   Number         0  stubs.o ABSOLUTE
    _printf_ls                               0x00000000   Number         0  stubs.o ABSOLUTE
    _printf_mbtowc                           0x00000000   Number         0  stubs.o ABSOLUTE
    _printf_n                                0x00000000   Number         0  stubs.o ABSOLUTE
    _printf_o                                0x00000000   Number         0  stubs.o ABSOLUTE
    _printf_p                                0x00000000   Number         0  stubs.o ABSOLUTE
    _printf_percent                          0x00000000   Number         0  stubs.o ABSOLUTE
    _printf_pre_padding                      0x00000000   Number         0  stubs.o ABSOLUTE
    _printf_return_value                     0x00000000   Number         0  stubs.o ABSOLUTE
    _printf_s                                0x00000000   Number         0  stubs.o ABSOLUTE
    _printf_sizespec                         0x00000000   Number         0  stubs.o ABSOLUTE
    _printf_str                              0x00000000   Number         0  stubs.o ABSOLUTE
    _printf_truncate_signed                  0x00000000   Number         0  stubs.o ABSOLUTE
    _printf_truncate_unsigned                0x00000000   Number         0  stubs.o ABSOLUTE
    _printf_u                                0x00000000   Number         0  stubs.o ABSOLUTE
    _printf_wc                               0x00000000   Number         0  stubs.o ABSOLUTE
    _printf_wctomb                           0x00000000   Number         0  stubs.o ABSOLUTE
    _printf_widthprec                        0x00000000   Number         0  stubs.o ABSOLUTE
    _printf_x                                0x00000000   Number         0  stubs.o ABSOLUTE
    __cpp_initialize__aeabi_                  - Undefined Weak Reference
    __cxa_finalize                            - Undefined Weak Reference
    __decompress                              - Undefined Weak Reference
    _clock_init                               - Undefined Weak Reference
    _microlib_exit                            - Undefined Weak Reference
    __Vectors_Size                           0x000000b4   Number         0  startup_stm32f030.o ABSOLUTE
    __Vectors                                0x08000000   Data           4  startup_stm32f030.o(RESET)
    __Vectors_End                            0x080000b4   Data           0  startup_stm32f030.o(RESET)
    __main                                   0x080000b5   Thumb Code     0  entry.o(.ARM.Collect$$$$00000000)
    _main_stk                                0x080000b5   Thumb Code     0  entry2.o(.ARM.Collect$$$$00000001)
    _main_scatterload                        0x080000b9   Thumb Code     0  entry5.o(.ARM.Collect$$$$00000004)
    __main_after_scatterload                 0x080000bd   Thumb Code     0  entry5.o(.ARM.Collect$$$$00000004)
    _main_clock                              0x080000bd   Thumb Code     0  entry7b.o(.ARM.Collect$$$$00000008)
    _main_cpp_init                           0x080000bd   Thumb Code     0  entry8b.o(.ARM.Collect$$$$0000000A)
    _main_init                               0x080000bd   Thumb Code     0  entry9a.o(.ARM.Collect$$$$0000000B)
    __rt_final_cpp                           0x080000c5   Thumb Code     0  entry10a.o(.ARM.Collect$$$$0000000D)
    __rt_final_exit                          0x080000c5   Thumb Code     0  entry11a.o(.ARM.Collect$$$$0000000F)
    Reset_Handler                            0x080000c9   Thumb Code     8  startup_stm32f030.o(.text)
    ADC1_IRQHandler                          0x080000db   Thumb Code     0  startup_stm32f030.o(.text)
    DMA1_Channel1_IRQHandler                 0x080000db   Thumb Code     0  startup_stm32f030.o(.text)
    DMA1_Channel2_3_IRQHandler               0x080000db   Thumb Code     0  startup_stm32f030.o(.text)
    DMA1_Channel4_5_IRQHandler               0x080000db   Thumb Code     0  startup_stm32f030.o(.text)
    EXTI0_1_IRQHandler                       0x080000db   Thumb Code     0  startup_stm32f030.o(.text)
    EXTI2_3_IRQHandler                       0x080000db   Thumb Code     0  startup_stm32f030.o(.text)
    FLASH_IRQHandler                         0x080000db   Thumb Code     0  startup_stm32f030.o(.text)
    I2C1_IRQHandler                          0x080000db   Thumb Code     0  startup_stm32f030.o(.text)
    I2C2_IRQHandler                          0x080000db   Thumb Code     0  startup_stm32f030.o(.text)
    RCC_IRQHandler                           0x080000db   Thumb Code     0  startup_stm32f030.o(.text)
    RTC_IRQHandler                           0x080000db   Thumb Code     0  startup_stm32f030.o(.text)
    SPI1_IRQHandler                          0x080000db   Thumb Code     0  startup_stm32f030.o(.text)
    SPI2_IRQHandler                          0x080000db   Thumb Code     0  startup_stm32f030.o(.text)
    TIM14_IRQHandler                         0x080000db   Thumb Code     0  startup_stm32f030.o(.text)
    TIM15_IRQHandler                         0x080000db   Thumb Code     0  startup_stm32f030.o(.text)
    TIM17_IRQHandler                         0x080000db   Thumb Code     0  startup_stm32f030.o(.text)
    TIM1_BRK_UP_TRG_COM_IRQHandler           0x080000db   Thumb Code     0  startup_stm32f030.o(.text)
    TIM1_CC_IRQHandler                       0x080000db   Thumb Code     0  startup_stm32f030.o(.text)
    TIM3_IRQHandler                          0x080000db   Thumb Code     0  startup_stm32f030.o(.text)
    USART2_IRQHandler                        0x080000db   Thumb Code     0  startup_stm32f030.o(.text)
    WWDG_IRQHandler                          0x080000db   Thumb Code     0  startup_stm32f030.o(.text)
    RCC_init                                 0x080000e5   Thumb Code    84  main.o(.text)
    main                                     0x08000139   Thumb Code   584  main.o(.text)
    NMI_Handler                              0x080003b1   Thumb Code     2  stm32f0xx_it.o(.text)
    HardFault_Handler                        0x080003b3   Thumb Code     2  stm32f0xx_it.o(.text)
    SVC_Handler                              0x080003b5   Thumb Code     2  stm32f0xx_it.o(.text)
    PendSV_Handler                           0x080003b7   Thumb Code     2  stm32f0xx_it.o(.text)
    USART1_IRQHandler                        0x080003b9   Thumb Code    80  stm32f0xx_it.o(.text)
    SysTick_Handler                          0x0800041d   Thumb Code    10  drv_system.o(.text)
    micros                                   0x08000427   Thumb Code    36  drv_system.o(.text)
    millis                                   0x0800044b   Thumb Code     6  drv_system.o(.text)
    delayMicroseconds                        0x08000451   Thumb Code    22  drv_system.o(.text)
    delay                                    0x08000467   Thumb Code    22  drv_system.o(.text)
    systemInit                               0x0800047d   Thumb Code   158  drv_system.o(.text)
    failureMode                              0x0800051b   Thumb Code    32  drv_system.o(.text)
    UART1_PutChar                            0x08000561   Thumb Code    32  drv_uart.o(.text)
    fputc                                    0x08000581   Thumb Code    14  drv_uart.o(.text)
    UART1_GetChar                            0x0800058f   Thumb Code    22  drv_uart.o(.text)
    UART1_PutStr                             0x080005a5   Thumb Code    20  drv_uart.o(.text)
    SerialPutChar                            0x080005b9   Thumb Code    20  drv_uart.o(.text)
    USART1_Init                              0x080005cd   Thumb Code   182  drv_uart.o(.text)
    ADC_CH_DMA_Config                        0x08000699   Thumb Code   208  drv_adc.o(.text)
    adc_GPIO_Init                            0x08000769   Thumb Code    36  drv_adc.o(.text)
    pwmWrite                                 0x08000799   Thumb Code    14  drv_pwm.o(.text)
    pwmOutputInit                            0x080007a7   Thumb Code   230  drv_pwm.o(.text)
    EXTI_Config                              0x080008a5   Thumb Code    90  drv_keyinput.o(.text)
    EXTI4_15_IRQHandler                      0x080008ff   Thumb Code    24  drv_keyinput.o(.text)
    pwm_mode_set                             0x08000919   Thumb Code    10  config.o(.text)
    configInit                               0x08000923   Thumb Code    32  config.o(.text)
    led_boom_action                          0x08000943   Thumb Code    70  config.o(.text)
    led_street_action                        0x08000989   Thumb Code    90  config.o(.text)
    led_wink_action                          0x080009e3   Thumb Code    50  config.o(.text)
    push_putton_long_push_check              0x08000a15   Thumb Code    46  config.o(.text)
    mode_Change                              0x08000a43   Thumb Code    68  config.o(.text)
    itoa                                     0x08000aaf   Thumb Code    40  config.o(.text)
    cliSet                                   0x08000ddf   Thumb Code   254  config.o(.text)
    read_uart_string                         0x08000edd   Thumb Code   132  config.o(.text)
    TIM16_IRQHandler                         0x08000fd1   Thumb Code   190  drv_timer.o(.text)
    loop_Timer_set                           0x0800108f   Thumb Code    40  drv_timer.o(.text)
    loop_Timer_Init                          0x080010b7   Thumb Code   104  drv_timer.o(.text)
    AUTO_Timer_Init                          0x0800111f   Thumb Code    66  drv_timer.o(.text)
    ir_Generator_start                       0x08001161   Thumb Code    32  drv_timer.o(.text)
    init_queue                               0x080011a9   Thumb Code     8  queue.o(.text)
    is_empty                                 0x080011b1   Thumb Code    14  queue.o(.text)
    is_full                                  0x080011bf   Thumb Code    30  queue.o(.text)
    enqueue                                  0x080011dd   Thumb Code    44  queue.o(.text)
    dequeue                                  0x08001209   Thumb Code    38  queue.o(.text)
    ADC_DeInit                               0x08001231   Thumb Code    28  stm32f0xx_adc.o(.text)
    ADC_Init                                 0x0800124d   Thumb Code    38  stm32f0xx_adc.o(.text)
    ADC_StructInit                           0x08001273   Thumb Code    16  stm32f0xx_adc.o(.text)
    ADC_Cmd                                  0x08001283   Thumb Code    18  stm32f0xx_adc.o(.text)
    ADC_JitterCmd                            0x08001295   Thumb Code    16  stm32f0xx_adc.o(.text)
    ADC_AutoPowerOffCmd                      0x080012a5   Thumb Code    20  stm32f0xx_adc.o(.text)
    ADC_WaitModeCmd                          0x080012b9   Thumb Code    20  stm32f0xx_adc.o(.text)
    ADC_AnalogWatchdogCmd                    0x080012cd   Thumb Code    20  stm32f0xx_adc.o(.text)
    ADC_AnalogWatchdogThresholdsConfig       0x080012e1   Thumb Code     8  stm32f0xx_adc.o(.text)
    ADC_AnalogWatchdogSingleChannelConfig    0x080012e9   Thumb Code    14  stm32f0xx_adc.o(.text)
    ADC_AnalogWatchdogSingleChannelCmd       0x080012f7   Thumb Code    20  stm32f0xx_adc.o(.text)
    ADC_TempSensorCmd                        0x0800130b   Thumb Code    22  stm32f0xx_adc.o(.text)
    ADC_VrefintCmd                           0x08001321   Thumb Code    22  stm32f0xx_adc.o(.text)
    ADC_VbatCmd                              0x08001337   Thumb Code    22  stm32f0xx_adc.o(.text)
    ADC_ChannelConfig                        0x0800134d   Thumb Code    10  stm32f0xx_adc.o(.text)
    ADC_ContinuousModeCmd                    0x08001357   Thumb Code    20  stm32f0xx_adc.o(.text)
    ADC_DiscModeCmd                          0x0800136b   Thumb Code    20  stm32f0xx_adc.o(.text)
    ADC_OverrunModeCmd                       0x0800137f   Thumb Code    20  stm32f0xx_adc.o(.text)
    ADC_GetCalibrationFactor                 0x08001393   Thumb Code    46  stm32f0xx_adc.o(.text)
    ADC_StopOfConversion                     0x080013c1   Thumb Code    10  stm32f0xx_adc.o(.text)
    ADC_StartOfConversion                    0x080013cb   Thumb Code    10  stm32f0xx_adc.o(.text)
    ADC_GetConversionValue                   0x080013d5   Thumb Code     6  stm32f0xx_adc.o(.text)
    ADC_DMACmd                               0x080013db   Thumb Code    20  stm32f0xx_adc.o(.text)
    ADC_DMARequestModeConfig                 0x080013ef   Thumb Code    16  stm32f0xx_adc.o(.text)
    ADC_ITConfig                             0x080013ff   Thumb Code    16  stm32f0xx_adc.o(.text)
    ADC_GetFlagStatus                        0x0800140f   Thumb Code    28  stm32f0xx_adc.o(.text)
    ADC_ClearFlag                            0x0800142b   Thumb Code     4  stm32f0xx_adc.o(.text)
    ADC_GetITStatus                          0x0800142f   Thumb Code    22  stm32f0xx_adc.o(.text)
    ADC_ClearITPendingBit                    0x08001445   Thumb Code     4  stm32f0xx_adc.o(.text)
    DMA_DeInit                               0x08001455   Thumb Code   100  stm32f0xx_dma.o(.text)
    DMA_Init                                 0x080014b9   Thumb Code    56  stm32f0xx_dma.o(.text)
    DMA_StructInit                           0x080014f1   Thumb Code    26  stm32f0xx_dma.o(.text)
    DMA_Cmd                                  0x0800150b   Thumb Code    20  stm32f0xx_dma.o(.text)
    DMA_SetCurrDataCounter                   0x0800151f   Thumb Code     4  stm32f0xx_dma.o(.text)
    DMA_GetCurrDataCounter                   0x08001523   Thumb Code     6  stm32f0xx_dma.o(.text)
    DMA_ITConfig                             0x08001529   Thumb Code    16  stm32f0xx_dma.o(.text)
    DMA_GetFlagStatus                        0x08001539   Thumb Code    18  stm32f0xx_dma.o(.text)
    DMA_ClearFlag                            0x0800154b   Thumb Code     8  stm32f0xx_dma.o(.text)
    DMA_GetITStatus                          0x08001553   Thumb Code    18  stm32f0xx_dma.o(.text)
    DMA_ClearITPendingBit                    0x08001565   Thumb Code     8  stm32f0xx_dma.o(.text)
    EXTI_DeInit                              0x08001579   Thumb Code    20  stm32f0xx_exti.o(.text)
    EXTI_Init                                0x0800158d   Thumb Code   102  stm32f0xx_exti.o(.text)
    EXTI_StructInit                          0x080015f3   Thumb Code    14  stm32f0xx_exti.o(.text)
    EXTI_GenerateSWInterrupt                 0x08001601   Thumb Code    10  stm32f0xx_exti.o(.text)
    EXTI_GetFlagStatus                       0x0800160b   Thumb Code    16  stm32f0xx_exti.o(.text)
    EXTI_ClearFlag                           0x0800161b   Thumb Code     6  stm32f0xx_exti.o(.text)
    EXTI_GetITStatus                         0x08001621   Thumb Code    16  stm32f0xx_exti.o(.text)
    EXTI_ClearITPendingBit                   0x08001631   Thumb Code     6  stm32f0xx_exti.o(.text)
    FLASH_SetLatency                         0x08001645   Thumb Code    14  stm32f0xx_flash.o(.text)
    FLASH_PrefetchBufferCmd                  0x08001653   Thumb Code    20  stm32f0xx_flash.o(.text)
    FLASH_GetPrefetchBufferStatus            0x08001667   Thumb Code    14  stm32f0xx_flash.o(.text)
    FLASH_Unlock                             0x08001675   Thumb Code    18  stm32f0xx_flash.o(.text)
    FLASH_Lock                               0x08001687   Thumb Code    12  stm32f0xx_flash.o(.text)
    FLASH_GetStatus                          0x08001693   Thumb Code    34  stm32f0xx_flash.o(.text)
    FLASH_WaitForLastOperation               0x080016b5   Thumb Code    34  stm32f0xx_flash.o(.text)
    FLASH_ErasePage                          0x080016d7   Thumb Code    52  stm32f0xx_flash.o(.text)
    FLASH_EraseAllPages                      0x0800170b   Thumb Code    48  stm32f0xx_flash.o(.text)
    FLASH_ProgramWord                        0x0800173b   Thumb Code    70  stm32f0xx_flash.o(.text)
    FLASH_ProgramHalfWord                    0x08001781   Thumb Code    48  stm32f0xx_flash.o(.text)
    FLASH_OB_Unlock                          0x080017b1   Thumb Code    18  stm32f0xx_flash.o(.text)
    FLASH_OB_Lock                            0x080017c3   Thumb Code    12  stm32f0xx_flash.o(.text)
    FLASH_OB_Launch                          0x080017cf   Thumb Code    14  stm32f0xx_flash.o(.text)
    FLASH_OB_GetRDP                          0x080017dd   Thumb Code    16  stm32f0xx_flash.o(.text)
    FLASH_OB_Erase                           0x080017ed   Thumb Code   106  stm32f0xx_flash.o(.text)
    FLASH_OB_EnableWRP                       0x08001857   Thumb Code    80  stm32f0xx_flash.o(.text)
    FLASH_OB_RDPConfig                       0x080018a7   Thumb Code    82  stm32f0xx_flash.o(.text)
    FLASH_OB_UserConfig                      0x080018f9   Thumb Code    64  stm32f0xx_flash.o(.text)
    FLASH_OB_BOOTConfig                      0x08001939   Thumb Code    54  stm32f0xx_flash.o(.text)
    FLASH_OB_VDDAConfig                      0x0800196f   Thumb Code    54  stm32f0xx_flash.o(.text)
    FLASH_OB_SRAMParityConfig                0x080019a5   Thumb Code    54  stm32f0xx_flash.o(.text)
    FLASH_OB_WriteUser                       0x080019db   Thumb Code    54  stm32f0xx_flash.o(.text)
    FLASH_OB_ProgramData                     0x08001a11   Thumb Code    68  stm32f0xx_flash.o(.text)
    FLASH_OB_GetUser                         0x08001a55   Thumb Code    10  stm32f0xx_flash.o(.text)
    FLASH_OB_GetWRP                          0x08001a5f   Thumb Code     6  stm32f0xx_flash.o(.text)
    FLASH_ITConfig                           0x08001a65   Thumb Code    18  stm32f0xx_flash.o(.text)
    FLASH_GetFlagStatus                      0x08001a77   Thumb Code    16  stm32f0xx_flash.o(.text)
    FLASH_ClearFlag                          0x08001a87   Thumb Code     6  stm32f0xx_flash.o(.text)
    GPIO_DeInit                              0x08001a91   Thumb Code    78  stm32f0xx_gpio.o(.text)
    GPIO_Init                                0x08001adf   Thumb Code   112  stm32f0xx_gpio.o(.text)
    GPIO_StructInit                          0x08001b4f   Thumb Code    18  stm32f0xx_gpio.o(.text)
    GPIO_PinLockConfig                       0x08001b61   Thumb Code    26  stm32f0xx_gpio.o(.text)
    GPIO_ReadInputDataBit                    0x08001b7b   Thumb Code    14  stm32f0xx_gpio.o(.text)
    GPIO_ReadInputData                       0x08001b89   Thumb Code     4  stm32f0xx_gpio.o(.text)
    GPIO_ReadOutputDataBit                   0x08001b8d   Thumb Code    14  stm32f0xx_gpio.o(.text)
    GPIO_ReadOutputData                      0x08001b9b   Thumb Code     4  stm32f0xx_gpio.o(.text)
    GPIO_SetBits                             0x08001b9f   Thumb Code     4  stm32f0xx_gpio.o(.text)
    GPIO_ResetBits                           0x08001ba3   Thumb Code     4  stm32f0xx_gpio.o(.text)
    GPIO_WriteBit                            0x08001ba7   Thumb Code    12  stm32f0xx_gpio.o(.text)
    GPIO_Write                               0x08001bb3   Thumb Code     4  stm32f0xx_gpio.o(.text)
    GPIO_PinAFConfig                         0x08001bb7   Thumb Code    32  stm32f0xx_gpio.o(.text)
    NVIC_Init                                0x08001bed   Thumb Code    70  stm32f0xx_misc.o(.text)
    NVIC_SystemLPConfig                      0x08001c33   Thumb Code    18  stm32f0xx_misc.o(.text)
    SysTick_CLKSourceConfig                  0x08001c45   Thumb Code    20  stm32f0xx_misc.o(.text)
    RCC_DeInit                               0x08001c69   Thumb Code    78  stm32f0xx_rcc.o(.text)
    RCC_HSEConfig                            0x08001cb7   Thumb Code    10  stm32f0xx_rcc.o(.text)
    RCC_GetFlagStatus                        0x08001cc1   Thumb Code    48  stm32f0xx_rcc.o(.text)
    RCC_WaitForHSEStartUp                    0x08001cf1   Thumb Code    44  stm32f0xx_rcc.o(.text)
    RCC_AdjustHSICalibrationValue            0x08001d1d   Thumb Code    16  stm32f0xx_rcc.o(.text)
    RCC_HSICmd                               0x08001d2d   Thumb Code    22  stm32f0xx_rcc.o(.text)
    RCC_AdjustHSI14CalibrationValue          0x08001d43   Thumb Code    16  stm32f0xx_rcc.o(.text)
    RCC_HSI14Cmd                             0x08001d53   Thumb Code    22  stm32f0xx_rcc.o(.text)
    RCC_HSI14ADCRequestCmd                   0x08001d69   Thumb Code    20  stm32f0xx_rcc.o(.text)
    RCC_LSEConfig                            0x08001d7d   Thumb Code    26  stm32f0xx_rcc.o(.text)
    RCC_LSEDriveConfig                       0x08001d97   Thumb Code    18  stm32f0xx_rcc.o(.text)
    RCC_LSICmd                               0x08001da9   Thumb Code    22  stm32f0xx_rcc.o(.text)
    RCC_PLLConfig                            0x08001dbf   Thumb Code    24  stm32f0xx_rcc.o(.text)
    RCC_PLLCmd                               0x08001dd7   Thumb Code    22  stm32f0xx_rcc.o(.text)
    RCC_PREDIV1Config                        0x08001ded   Thumb Code    14  stm32f0xx_rcc.o(.text)
    RCC_ClockSecuritySystemCmd               0x08001dfb   Thumb Code    22  stm32f0xx_rcc.o(.text)
    RCC_MCOConfig                            0x08001e11   Thumb Code     6  stm32f0xx_rcc.o(.text)
    RCC_SYSCLKConfig                         0x08001e17   Thumb Code    14  stm32f0xx_rcc.o(.text)
    RCC_GetSYSCLKSource                      0x08001e25   Thumb Code    10  stm32f0xx_rcc.o(.text)
    RCC_HCLKConfig                           0x08001e2f   Thumb Code    14  stm32f0xx_rcc.o(.text)
    RCC_PCLKConfig                           0x08001e3d   Thumb Code    16  stm32f0xx_rcc.o(.text)
    RCC_ADCCLKConfig                         0x08001e4d   Thumb Code    38  stm32f0xx_rcc.o(.text)
    RCC_CECCLKConfig                         0x08001e73   Thumb Code    18  stm32f0xx_rcc.o(.text)
    RCC_I2CCLKConfig                         0x08001e85   Thumb Code    18  stm32f0xx_rcc.o(.text)
    RCC_USARTCLKConfig                       0x08001e97   Thumb Code    18  stm32f0xx_rcc.o(.text)
    RCC_GetClocksFreq                        0x08001ea9   Thumb Code   208  stm32f0xx_rcc.o(.text)
    RCC_RTCCLKConfig                         0x08001f79   Thumb Code    10  stm32f0xx_rcc.o(.text)
    RCC_RTCCLKCmd                            0x08001f83   Thumb Code    20  stm32f0xx_rcc.o(.text)
    RCC_BackupResetCmd                       0x08001f97   Thumb Code    22  stm32f0xx_rcc.o(.text)
    RCC_AHBPeriphClockCmd                    0x08001fad   Thumb Code    18  stm32f0xx_rcc.o(.text)
    RCC_APB2PeriphClockCmd                   0x08001fbf   Thumb Code    18  stm32f0xx_rcc.o(.text)
    RCC_APB1PeriphClockCmd                   0x08001fd1   Thumb Code    18  stm32f0xx_rcc.o(.text)
    RCC_AHBPeriphResetCmd                    0x08001fe3   Thumb Code    18  stm32f0xx_rcc.o(.text)
    RCC_APB2PeriphResetCmd                   0x08001ff5   Thumb Code    18  stm32f0xx_rcc.o(.text)
    RCC_APB1PeriphResetCmd                   0x08002007   Thumb Code    18  stm32f0xx_rcc.o(.text)
    RCC_ITConfig                             0x08002019   Thumb Code    18  stm32f0xx_rcc.o(.text)
    RCC_ClearFlag                            0x0800202b   Thumb Code    14  stm32f0xx_rcc.o(.text)
    RCC_GetITStatus                          0x08002039   Thumb Code    48  stm32f0xx_rcc.o(.text)
    RCC_ClearITPendingBit                    0x08002069   Thumb Code     6  stm32f0xx_rcc.o(.text)
    SYSCFG_DeInit                            0x08002075   Thumb Code    30  stm32f0xx_syscfg.o(.text)
    SYSCFG_MemoryRemapConfig                 0x08002093   Thumb Code    14  stm32f0xx_syscfg.o(.text)
    SYSCFG_DMAChannelRemapConfig             0x080020a1   Thumb Code    18  stm32f0xx_syscfg.o(.text)
    SYSCFG_I2CFastModePlusConfig             0x080020b3   Thumb Code    18  stm32f0xx_syscfg.o(.text)
    SYSCFG_EXTILineConfig                    0x080020c5   Thumb Code    34  stm32f0xx_syscfg.o(.text)
    SYSCFG_BreakConfig                       0x080020e7   Thumb Code    10  stm32f0xx_syscfg.o(.text)
    SYSCFG_GetFlagStatus                     0x080020f1   Thumb Code    14  stm32f0xx_syscfg.o(.text)
    SYSCFG_ClearFlag                         0x080020ff   Thumb Code    10  stm32f0xx_syscfg.o(.text)
    TIM_DeInit                               0x0800210d   Thumb Code   152  stm32f0xx_tim.o(.text)
    TIM_TimeBaseInit                         0x080021a5   Thumb Code    88  stm32f0xx_tim.o(.text)
    TIM_TimeBaseStructInit                   0x080021fd   Thumb Code    18  stm32f0xx_tim.o(.text)
    TIM_PrescalerConfig                      0x0800220f   Thumb Code     6  stm32f0xx_tim.o(.text)
    TIM_CounterModeConfig                    0x08002215   Thumb Code    12  stm32f0xx_tim.o(.text)
    TIM_SetCounter                           0x08002221   Thumb Code     4  stm32f0xx_tim.o(.text)
    TIM_SetAutoreload                        0x08002225   Thumb Code     4  stm32f0xx_tim.o(.text)
    TIM_GetCounter                           0x08002229   Thumb Code     4  stm32f0xx_tim.o(.text)
    TIM_GetPrescaler                         0x0800222d   Thumb Code     4  stm32f0xx_tim.o(.text)
    TIM_UpdateDisableConfig                  0x08002231   Thumb Code    18  stm32f0xx_tim.o(.text)
    TIM_UpdateRequestConfig                  0x08002243   Thumb Code    18  stm32f0xx_tim.o(.text)
    TIM_ARRPreloadConfig                     0x08002255   Thumb Code    18  stm32f0xx_tim.o(.text)
    TIM_SelectOnePulseMode                   0x08002267   Thumb Code    16  stm32f0xx_tim.o(.text)
    TIM_SetClockDivision                     0x08002277   Thumb Code    16  stm32f0xx_tim.o(.text)
    TIM_Cmd                                  0x08002287   Thumb Code    20  stm32f0xx_tim.o(.text)
    TIM_BDTRConfig                           0x0800229b   Thumb Code    34  stm32f0xx_tim.o(.text)
    TIM_BDTRStructInit                       0x080022bd   Thumb Code    18  stm32f0xx_tim.o(.text)
    TIM_CtrlPWMOutputs                       0x080022cf   Thumb Code    24  stm32f0xx_tim.o(.text)
    TIM_OC1Init                              0x080022e7   Thumb Code   104  stm32f0xx_tim.o(.text)
    TIM_OC2Init                              0x0800234f   Thumb Code   124  stm32f0xx_tim.o(.text)
    TIM_OC3Init                              0x080023cb   Thumb Code   110  stm32f0xx_tim.o(.text)
    TIM_OC4Init                              0x08002439   Thumb Code    78  stm32f0xx_tim.o(.text)
    TIM_OCStructInit                         0x08002487   Thumb Code    20  stm32f0xx_tim.o(.text)
    TIM_SelectOCxM                           0x0800249b   Thumb Code    70  stm32f0xx_tim.o(.text)
    TIM_SetCompare1                          0x080024e1   Thumb Code     4  stm32f0xx_tim.o(.text)
    TIM_SetCompare2                          0x080024e5   Thumb Code    72  stm32f0xx_tim.o(.text)
    TIM_SetCompare3                          0x0800252d   Thumb Code     4  stm32f0xx_tim.o(.text)
    TIM_SetCompare4                          0x08002531   Thumb Code     4  stm32f0xx_tim.o(.text)
    TIM_ForcedOC1Config                      0x08002535   Thumb Code    12  stm32f0xx_tim.o(.text)
    TIM_ForcedOC2Config                      0x08002541   Thumb Code    14  stm32f0xx_tim.o(.text)
    TIM_ForcedOC3Config                      0x0800254f   Thumb Code    12  stm32f0xx_tim.o(.text)
    TIM_ForcedOC4Config                      0x0800255b   Thumb Code    14  stm32f0xx_tim.o(.text)
    TIM_CCPreloadControl                     0x08002569   Thumb Code    20  stm32f0xx_tim.o(.text)
    TIM_OC1PreloadConfig                     0x0800257d   Thumb Code    12  stm32f0xx_tim.o(.text)
    TIM_OC2PreloadConfig                     0x08002589   Thumb Code    14  stm32f0xx_tim.o(.text)
    TIM_OC3PreloadConfig                     0x08002597   Thumb Code    12  stm32f0xx_tim.o(.text)
    TIM_OC4PreloadConfig                     0x080025a3   Thumb Code    14  stm32f0xx_tim.o(.text)
    TIM_OC1FastConfig                        0x080025b1   Thumb Code    12  stm32f0xx_tim.o(.text)
    TIM_OC2FastConfig                        0x080025bd   Thumb Code    14  stm32f0xx_tim.o(.text)
    TIM_OC3FastConfig                        0x080025cb   Thumb Code    12  stm32f0xx_tim.o(.text)
    TIM_OC4FastConfig                        0x080025d7   Thumb Code    14  stm32f0xx_tim.o(.text)
    TIM_ClearOC1Ref                          0x080025e5   Thumb Code    12  stm32f0xx_tim.o(.text)
    TIM_ClearOC2Ref                          0x080025f1   Thumb Code    14  stm32f0xx_tim.o(.text)
    TIM_ClearOC3Ref                          0x080025ff   Thumb Code    12  stm32f0xx_tim.o(.text)
    TIM_ClearOC4Ref                          0x0800260b   Thumb Code    14  stm32f0xx_tim.o(.text)
    TIM_OC1PolarityConfig                    0x08002619   Thumb Code    12  stm32f0xx_tim.o(.text)
    TIM_OC1NPolarityConfig                   0x08002625   Thumb Code    12  stm32f0xx_tim.o(.text)
    TIM_OC2PolarityConfig                    0x08002631   Thumb Code    14  stm32f0xx_tim.o(.text)
    TIM_OC2NPolarityConfig                   0x0800263f   Thumb Code    14  stm32f0xx_tim.o(.text)
    TIM_OC3PolarityConfig                    0x0800264d   Thumb Code    14  stm32f0xx_tim.o(.text)
    TIM_OC3NPolarityConfig                   0x0800265b   Thumb Code    14  stm32f0xx_tim.o(.text)
    TIM_OC4PolarityConfig                    0x08002669   Thumb Code    14  stm32f0xx_tim.o(.text)
    TIM_SelectOCREFClear                     0x08002677   Thumb Code    16  stm32f0xx_tim.o(.text)
    TIM_CCxCmd                               0x08002687   Thumb Code    22  stm32f0xx_tim.o(.text)
    TIM_CCxNCmd                              0x0800269d   Thumb Code    22  stm32f0xx_tim.o(.text)
    TIM_SelectCOM                            0x080026b3   Thumb Code    18  stm32f0xx_tim.o(.text)
    TIM_SetIC4Prescaler                      0x080026c5   Thumb Code    18  stm32f0xx_tim.o(.text)
    TIM_SetIC3Prescaler                      0x080026d7   Thumb Code    16  stm32f0xx_tim.o(.text)
    TIM_SetIC2Prescaler                      0x080026e7   Thumb Code    18  stm32f0xx_tim.o(.text)
    TIM_SetIC1Prescaler                      0x08002723   Thumb Code    16  stm32f0xx_tim.o(.text)
    TIM_ICInit                               0x0800275b   Thumb Code   162  stm32f0xx_tim.o(.text)
    TIM_ICStructInit                         0x080027fd   Thumb Code    16  stm32f0xx_tim.o(.text)
    TIM_PWMIConfig                           0x0800280d   Thumb Code   104  stm32f0xx_tim.o(.text)
    TIM_GetCapture1                          0x08002875   Thumb Code     4  stm32f0xx_tim.o(.text)
    TIM_GetCapture2                          0x08002879   Thumb Code     4  stm32f0xx_tim.o(.text)
    TIM_GetCapture3                          0x0800287d   Thumb Code     4  stm32f0xx_tim.o(.text)
    TIM_GetCapture4                          0x08002881   Thumb Code     4  stm32f0xx_tim.o(.text)
    TIM_ITConfig                             0x08002885   Thumb Code    16  stm32f0xx_tim.o(.text)
    TIM_GenerateEvent                        0x08002895   Thumb Code     4  stm32f0xx_tim.o(.text)
    TIM_GetFlagStatus                        0x08002899   Thumb Code    14  stm32f0xx_tim.o(.text)
    TIM_ClearFlag                            0x080028a7   Thumb Code     6  stm32f0xx_tim.o(.text)
    TIM_GetITStatus                          0x080028ad   Thumb Code    24  stm32f0xx_tim.o(.text)
    TIM_ClearITPendingBit                    0x080028c5   Thumb Code     6  stm32f0xx_tim.o(.text)
    TIM_DMAConfig                            0x080028cb   Thumb Code     8  stm32f0xx_tim.o(.text)
    TIM_DMACmd                               0x080028d3   Thumb Code    16  stm32f0xx_tim.o(.text)
    TIM_SelectCCDMA                          0x080028e3   Thumb Code    18  stm32f0xx_tim.o(.text)
    TIM_InternalClockConfig                  0x080028f5   Thumb Code    10  stm32f0xx_tim.o(.text)
    TIM_SelectInputTrigger                   0x080028ff   Thumb Code    12  stm32f0xx_tim.o(.text)
    TIM_ITRxExternalClockConfig              0x0800290b   Thumb Code    62  stm32f0xx_tim.o(.text)
    TIM_TIxExternalClockConfig               0x08002949   Thumb Code    48  stm32f0xx_tim.o(.text)
    TIM_ETRConfig                            0x08002979   Thumb Code    18  stm32f0xx_tim.o(.text)
    TIM_ETRClockMode1Config                  0x0800298b   Thumb Code    28  stm32f0xx_tim.o(.text)
    TIM_ETRClockMode2Config                  0x080029a7   Thumb Code    20  stm32f0xx_tim.o(.text)
    TIM_SelectOutputTrigger                  0x080029bb   Thumb Code    16  stm32f0xx_tim.o(.text)
    TIM_SelectSlaveMode                      0x080029cb   Thumb Code    16  stm32f0xx_tim.o(.text)
    TIM_SelectMasterSlaveMode                0x080029db   Thumb Code    16  stm32f0xx_tim.o(.text)
    TIM_EncoderInterfaceConfig               0x080029eb   Thumb Code    42  stm32f0xx_tim.o(.text)
    TIM_SelectHallSensor                     0x08002a15   Thumb Code    18  stm32f0xx_tim.o(.text)
    TIM_RemapConfig                          0x08002a27   Thumb Code     6  stm32f0xx_tim.o(.text)
    USART_DeInit                             0x08002a31   Thumb Code    54  stm32f0xx_usart.o(.text)
    USART_Init                               0x08002a67   Thumb Code   128  stm32f0xx_usart.o(.text)
    USART_StructInit                         0x08002ae7   Thumb Code    22  stm32f0xx_usart.o(.text)
    USART_ClockInit                          0x08002afd   Thumb Code    28  stm32f0xx_usart.o(.text)
    USART_ClockStructInit                    0x08002b19   Thumb Code    12  stm32f0xx_usart.o(.text)
    USART_Cmd                                0x08002b25   Thumb Code    20  stm32f0xx_usart.o(.text)
    USART_DirectionModeCmd                   0x08002b39   Thumb Code    16  stm32f0xx_usart.o(.text)
    USART_OverSampling8Cmd                   0x08002b49   Thumb Code    20  stm32f0xx_usart.o(.text)
    USART_OneBitMethodCmd                    0x08002b5d   Thumb Code    20  stm32f0xx_usart.o(.text)
    USART_MSBFirstCmd                        0x08002b71   Thumb Code    20  stm32f0xx_usart.o(.text)
    USART_DataInvCmd                         0x08002b85   Thumb Code    20  stm32f0xx_usart.o(.text)
    USART_InvPinCmd                          0x08002b99   Thumb Code    16  stm32f0xx_usart.o(.text)
    USART_SWAPPinCmd                         0x08002ba9   Thumb Code    20  stm32f0xx_usart.o(.text)
    USART_ReceiverTimeOutCmd                 0x08002bbd   Thumb Code    20  stm32f0xx_usart.o(.text)
    USART_SetReceiverTimeOut                 0x08002bd1   Thumb Code    16  stm32f0xx_usart.o(.text)
    USART_SetPrescaler                       0x08002be1   Thumb Code    16  stm32f0xx_usart.o(.text)
    USART_STOPModeCmd                        0x08002bf1   Thumb Code    18  stm32f0xx_usart.o(.text)
    USART_StopModeWakeUpSourceConfig         0x08002c03   Thumb Code    18  stm32f0xx_usart.o(.text)
    USART_AutoBaudRateCmd                    0x08002c15   Thumb Code    20  stm32f0xx_usart.o(.text)
    USART_AutoBaudRateConfig                 0x08002c29   Thumb Code    18  stm32f0xx_usart.o(.text)
    USART_SendData                           0x08002c3b   Thumb Code     8  stm32f0xx_usart.o(.text)
    USART_ReceiveData                        0x08002c43   Thumb Code     8  stm32f0xx_usart.o(.text)
    USART_SetAddress                         0x08002c4b   Thumb Code    18  stm32f0xx_usart.o(.text)
    USART_MuteModeCmd                        0x08002c5d   Thumb Code    20  stm32f0xx_usart.o(.text)
    USART_MuteModeWakeUpConfig               0x08002c71   Thumb Code    18  stm32f0xx_usart.o(.text)
    USART_AddressDetectionConfig             0x08002c83   Thumb Code    16  stm32f0xx_usart.o(.text)
    USART_LINBreakDetectLengthConfig         0x08002c93   Thumb Code    16  stm32f0xx_usart.o(.text)
    USART_LINCmd                             0x08002ca3   Thumb Code    20  stm32f0xx_usart.o(.text)
    USART_HalfDuplexCmd                      0x08002cb7   Thumb Code    18  stm32f0xx_usart.o(.text)
    USART_SetGuardTime                       0x08002cc9   Thumb Code    16  stm32f0xx_usart.o(.text)
    USART_SmartCardCmd                       0x08002cd9   Thumb Code    18  stm32f0xx_usart.o(.text)
    USART_SmartCardNACKCmd                   0x08002ceb   Thumb Code    18  stm32f0xx_usart.o(.text)
    USART_SetAutoRetryCount                  0x08002cfd   Thumb Code    20  stm32f0xx_usart.o(.text)
    USART_SetBlockLength                     0x08002d11   Thumb Code    18  stm32f0xx_usart.o(.text)
    USART_IrDAConfig                         0x08002d23   Thumb Code    16  stm32f0xx_usart.o(.text)
    USART_IrDACmd                            0x08002d33   Thumb Code    18  stm32f0xx_usart.o(.text)
    USART_DECmd                              0x08002d45   Thumb Code    20  stm32f0xx_usart.o(.text)
    USART_DEPolarityConfig                   0x08002d59   Thumb Code    18  stm32f0xx_usart.o(.text)
    USART_SetDEAssertionTime                 0x08002d6b   Thumb Code    20  stm32f0xx_usart.o(.text)
    USART_SetDEDeassertionTime               0x08002d7f   Thumb Code    20  stm32f0xx_usart.o(.text)
    USART_DMACmd                             0x08002d93   Thumb Code    16  stm32f0xx_usart.o(.text)
    USART_DMAReceptionErrorConfig            0x08002da3   Thumb Code    18  stm32f0xx_usart.o(.text)
    USART_ITConfig                           0x08002db5   Thumb Code    42  stm32f0xx_usart.o(.text)
    USART_RequestCmd                         0x08002ddf   Thumb Code    16  stm32f0xx_usart.o(.text)
    USART_OverrunDetectionConfig             0x08002def   Thumb Code    18  stm32f0xx_usart.o(.text)
    USART_GetFlagStatus                      0x08002e01   Thumb Code    32  stm32f0xx_usart.o(.text)
    USART_ClearFlag                          0x08002e21   Thumb Code     4  stm32f0xx_usart.o(.text)
    USART_GetITStatus                        0x08002e25   Thumb Code    56  stm32f0xx_usart.o(.text)
    USART_ClearITPendingBit                  0x08002e5d   Thumb Code    10  stm32f0xx_usart.o(.text)
    SystemInit                               0x08002e69   Thumb Code    84  system_stm32f0xx.o(.text)
    SystemCoreClockUpdate                    0x08002ebd   Thumb Code    90  system_stm32f0xx.o(.text)
    __aeabi_uidiv                            0x08002fc1   Thumb Code     0  uidiv.o(.text)
    __aeabi_uidivmod                         0x08002fc1   Thumb Code    44  uidiv.o(.text)
    __aeabi_memcpy                           0x08002fed   Thumb Code    36  memcpya.o(.text)
    __aeabi_memcpy4                          0x08002fed   Thumb Code     0  memcpya.o(.text)
    __aeabi_memcpy8                          0x08002fed   Thumb Code     0  memcpya.o(.text)
    __aeabi_memset                           0x08003011   Thumb Code    14  memseta.o(.text)
    __aeabi_memset4                          0x08003011   Thumb Code     0  memseta.o(.text)
    __aeabi_memset8                          0x08003011   Thumb Code     0  memseta.o(.text)
    __aeabi_memclr                           0x0800301f   Thumb Code     4  memseta.o(.text)
    __aeabi_memclr4                          0x0800301f   Thumb Code     0  memseta.o(.text)
    __aeabi_memclr8                          0x0800301f   Thumb Code     0  memseta.o(.text)
    _memset$wrapper                          0x08003023   Thumb Code    18  memseta.o(.text)
    strcat                                   0x08003035   Thumb Code    24  strcat.o(.text)
    strstr                                   0x0800304d   Thumb Code    40  strstr.o(.text)
    strncpy                                  0x08003075   Thumb Code    26  strncpy.o(.text)
    strlen                                   0x0800308f   Thumb Code    14  strlen.o(.text)
    strncasecmp                              0x0800309d   Thumb Code    46  strncasecmp.o(.text)
    atoi                                     0x080030cb   Thumb Code    26  atoi.o(.text)
    __aeabi_fadd                             0x080030e5   Thumb Code   162  fadd.o(.text)
    __aeabi_fsub                             0x08003187   Thumb Code     8  fadd.o(.text)
    __aeabi_frsub                            0x0800318f   Thumb Code     8  fadd.o(.text)
    __aeabi_fmul                             0x08003197   Thumb Code   122  fmul.o(.text)
    __aeabi_dadd                             0x08003211   Thumb Code   328  dadd.o(.text)
    __aeabi_dsub                             0x08003359   Thumb Code    12  dadd.o(.text)
    __aeabi_drsub                            0x08003365   Thumb Code    12  dadd.o(.text)
    __aeabi_dmul                             0x08003375   Thumb Code   202  dmul.o(.text)
    __aeabi_ddiv                             0x08003445   Thumb Code   234  ddiv.o(.text)
    __aeabi_i2f                              0x08003535   Thumb Code    22  fflti.o(.text)
    __aeabi_i2d                              0x0800354d   Thumb Code    34  dflti.o(.text)
    __aeabi_f2iz                             0x08003575   Thumb Code    50  ffixi.o(.text)
    __aeabi_d2f                              0x080035a7   Thumb Code    56  d2f.o(.text)
    __aeabi_cfcmpeq                          0x080035e1   Thumb Code     0  cfcmple.o(.text)
    __aeabi_cfcmple                          0x080035e1   Thumb Code    20  cfcmple.o(.text)
    __aeabi_cfrcmple                         0x080035f5   Thumb Code    20  cfrcmple.o(.text)
    __aeabi_llsl                             0x08003609   Thumb Code    32  llshl.o(.text)
    _ll_shift_l                              0x08003609   Thumb Code     0  llshl.o(.text)
    __aeabi_lasr                             0x08003629   Thumb Code    38  llsshr.o(.text)
    _ll_sshift_r                             0x08003629   Thumb Code     0  llsshr.o(.text)
    tolower                                  0x0800364f   Thumb Code    12  tolower.o(.text)
    strtol                                   0x0800365d   Thumb Code   108  strtol.o(.text)
    __I$use$fp                               0x080036cd   Thumb Code     0  iusefp.o(.text)
    _float_round                             0x080036cd   Thumb Code    16  fepilogue.o(.text)
    _float_epilogue                          0x080036dd   Thumb Code   114  fepilogue.o(.text)
    _double_round                            0x0800374f   Thumb Code    26  depilogue.o(.text)
    _double_epilogue                         0x08003769   Thumb Code   164  depilogue.o(.text)
    __scatterload                            0x0800380d   Thumb Code    28  init.o(.text)
    __scatterload_rt2                        0x0800380d   Thumb Code     0  init.o(.text)
    __aeabi_llsr                             0x08003831   Thumb Code    34  llushr.o(.text)
    _ll_ushift_r                             0x08003831   Thumb Code     0  llushr.o(.text)
    __rt_ctype_table                         0x08003855   Thumb Code     4  ctype_o.o(.text)
    _strtoul                                 0x0800385d   Thumb Code   166  _strtoul.o(.text)
    _chval                                   0x08003903   Thumb Code    30  _chval.o(.text)
    __0printf$3                              0x08003921   Thumb Code    24  printf3.o(i.__0printf$3)
    __1printf$3                              0x08003921   Thumb Code     0  printf3.o(i.__0printf$3)
    __2printf                                0x08003921   Thumb Code     0  printf3.o(i.__0printf$3)
    __ARM_clz                                0x08003941   Thumb Code    46  depilogue.o(i.__ARM_clz)
    __ARM_common_switch8                     0x0800396f   Thumb Code    26  config.o(i.__ARM_common_switch8)
    __aeabi_errno_addr                       0x08003989   Thumb Code     4  errno.o(i.__aeabi_errno_addr)
    __rt_errno_addr                          0x08003989   Thumb Code     0  errno.o(i.__aeabi_errno_addr)
    __scatterload_copy                       0x08003991   Thumb Code    14  handlers.o(i.__scatterload_copy)
    __scatterload_null                       0x0800399f   Thumb Code     2  handlers.o(i.__scatterload_null)
    __scatterload_zeroinit                   0x080039a1   Thumb Code    14  handlers.o(i.__scatterload_zeroinit)
    valueTable                               0x08003bb8   Data         192  config.o(.constdata)
    __ctype_table                            0x08003c78   Data         129  ctype_o.o(.constdata)
    Region$$Table$$Base                      0x08003d50   Number         0  anon$$obj.o(Region$$Table)
    Region$$Table$$Limit                     0x08003d70   Number         0  anon$$obj.o(Region$$Table)
    ADC_Value                                0x20000018   Data           4  drv_adc.o(.data)
    pwmOutputConfig                          0x20000028   Data           6  drv_pwm.o(.data)
    posion                                   0x2000004c   Data           4  drv_timer.o(.data)
    SystemCoreClock                          0x20000064   Data           4  system_stm32f0xx.o(.data)
    AHBPrescTable                            0x20000068   Data          16  system_stm32f0xx.o(.data)
    __stdout                                 0x20000078   Data           4  stdout.o(.data)
    Uart1RxQueue                             0x20000080   Data         264  drv_uart.o(.bss)
    Uart1TxQueue                             0x20000188   Data         264  drv_uart.o(.bss)
    sys                                      0x20000390   Data          32  config.o(.bss)
    cfg                                      0x200003b0   Data          12  config.o(.bss)
    __initial_sp                             0x200007c0   Data           0  startup_stm32f030.o(STACK)



==============================================================================

Memory Map of the image

  Image Entry point : 0x080000c9

  Load Region LR_1 (Base: 0x08000000, Size: 0x00003df0, Max: 0xffffffff, ABSOLUTE)

    Execution Region ER_RO (Base: 0x08000000, Size: 0x00003d70, Max: 0xffffffff, ABSOLUTE)

    Base Addr    Size         Type   Attr      Idx    E Section Name        Object

    0x08000000   0x000000b4   Data   RO            3    RESET               startup_stm32f030.o
    0x080000b4   0x00000000   Code   RO          825  * .ARM.Collect$$$$00000000  mc_p.l(entry.o)
    0x080000b4   0x00000004   Code   RO         1131    .ARM.Collect$$$$00000001  mc_p.l(entry2.o)
    0x080000b8   0x00000004   Code   RO         1134    .ARM.Collect$$$$00000004  mc_p.l(entry5.o)
    0x080000bc   0x00000000   Code   RO         1136    .ARM.Collect$$$$00000008  mc_p.l(entry7b.o)
    0x080000bc   0x00000000   Code   RO         1138    .ARM.Collect$$$$0000000A  mc_p.l(entry8b.o)
    0x080000bc   0x00000008   Code   RO         1139    .ARM.Collect$$$$0000000B  mc_p.l(entry9a.o)
    0x080000c4   0x00000000   Code   RO         1141    .ARM.Collect$$$$0000000D  mc_p.l(entry10a.o)
    0x080000c4   0x00000000   Code   RO         1143    .ARM.Collect$$$$0000000F  mc_p.l(entry11a.o)
    0x080000c4   0x00000004   Code   RO         1132    .ARM.Collect$$$$00002712  mc_p.l(entry2.o)
    0x080000c8   0x0000001c   Code   RO            4  * .text               startup_stm32f030.o
    0x080000e4   0x000002cc   Code   RO           12    .text               main.o
    0x080003b0   0x0000006c   Code   RO          154    .text               stm32f0xx_it.o
    0x0800041c   0x00000144   Code   RO          174    .text               drv_system.o
    0x08000560   0x00000138   Code   RO          201    .text               drv_uart.o
    0x08000698   0x00000100   Code   RO          228    .text               drv_adc.o
    0x08000798   0x0000010c   Code   RO          253    .text               drv_pwm.o
    0x080008a4   0x00000072   Code   RO          279    .text               drv_keyinput.o
    0x08000916   0x00000002   PAD
    0x08000918   0x000006b8   Code   RO          299    .text               config.o
    0x08000fd0   0x000001d8   Code   RO          330    .text               drv_timer.o
    0x080011a8   0x00000086   Code   RO          355    .text               queue.o
    0x0800122e   0x00000002   PAD
    0x08001230   0x00000224   Code   RO          376    .text               stm32f0xx_adc.o
    0x08001454   0x00000124   Code   RO          496    .text               stm32f0xx_dma.o
    0x08001578   0x000000cc   Code   RO          516    .text               stm32f0xx_exti.o
    0x08001644   0x0000044c   Code   RO          536    .text               stm32f0xx_flash.o
    0x08001a90   0x0000015c   Code   RO          557    .text               stm32f0xx_gpio.o
    0x08001bec   0x0000007c   Code   RO          617    .text               stm32f0xx_misc.o
    0x08001c68   0x0000040c   Code   RO          657    .text               stm32f0xx_rcc.o
    0x08002074   0x00000098   Code   RO          720    .text               stm32f0xx_syscfg.o
    0x0800210c   0x00000924   Code   RO          740    .text               stm32f0xx_tim.o
    0x08002a30   0x00000436   Code   RO          761    .text               stm32f0xx_usart.o
    0x08002e66   0x00000002   PAD
    0x08002e68   0x00000158   Code   RO          801    .text               system_stm32f0xx.o
    0x08002fc0   0x0000002c   Code   RO          828    .text               mc_p.l(uidiv.o)
    0x08002fec   0x00000024   Code   RO          830    .text               mc_p.l(memcpya.o)
    0x08003010   0x00000024   Code   RO          832    .text               mc_p.l(memseta.o)
    0x08003034   0x00000018   Code   RO          834    .text               mc_p.l(strcat.o)
    0x0800304c   0x00000028   Code   RO          836    .text               mc_p.l(strstr.o)
    0x08003074   0x0000001a   Code   RO          838    .text               mc_p.l(strncpy.o)
    0x0800308e   0x0000000e   Code   RO          840    .text               mc_p.l(strlen.o)
    0x0800309c   0x0000002e   Code   RO          844    .text               mc_p.l(strncasecmp.o)
    0x080030ca   0x0000001a   Code   RO         1107    .text               mc_p.l(atoi.o)
    0x080030e4   0x000000b2   Code   RO         1109    .text               mf_p.l(fadd.o)
    0x08003196   0x0000007a   Code   RO         1111    .text               mf_p.l(fmul.o)
    0x08003210   0x00000164   Code   RO         1113    .text               mf_p.l(dadd.o)
    0x08003374   0x000000d0   Code   RO         1115    .text               mf_p.l(dmul.o)
    0x08003444   0x000000f0   Code   RO         1117    .text               mf_p.l(ddiv.o)
    0x08003534   0x00000016   Code   RO         1119    .text               mf_p.l(fflti.o)
    0x0800354a   0x00000002   PAD
    0x0800354c   0x00000028   Code   RO         1121    .text               mf_p.l(dflti.o)
    0x08003574   0x00000032   Code   RO         1123    .text               mf_p.l(ffixi.o)
    0x080035a6   0x00000038   Code   RO         1125    .text               mf_p.l(d2f.o)
    0x080035de   0x00000002   PAD
    0x080035e0   0x00000014   Code   RO         1127    .text               mf_p.l(cfcmple.o)
    0x080035f4   0x00000014   Code   RO         1129    .text               mf_p.l(cfrcmple.o)
    0x08003608   0x00000020   Code   RO         1148    .text               mc_p.l(llshl.o)
    0x08003628   0x00000026   Code   RO         1150    .text               mc_p.l(llsshr.o)
    0x0800364e   0x0000000c   Code   RO         1152    .text               mc_p.l(tolower.o)
    0x0800365a   0x00000002   PAD
    0x0800365c   0x00000070   Code   RO         1161    .text               mc_p.l(strtol.o)
    0x080036cc   0x00000000   Code   RO         1163    .text               mc_p.l(iusefp.o)
    0x080036cc   0x00000082   Code   RO         1164    .text               mf_p.l(fepilogue.o)
    0x0800374e   0x000000be   Code   RO         1166    .text               mf_p.l(depilogue.o)
    0x0800380c   0x00000024   Code   RO         1174    .text               mc_p.l(init.o)
    0x08003830   0x00000022   Code   RO         1176    .text               mc_p.l(llushr.o)
    0x08003852   0x00000002   PAD
    0x08003854   0x00000008   Code   RO         1178    .text               mc_p.l(ctype_o.o)
    0x0800385c   0x000000a6   Code   RO         1206    .text               mc_p.l(_strtoul.o)
    0x08003902   0x0000001e   Code   RO         1208    .text               mc_p.l(_chval.o)
    0x08003920   0x00000020   Code   RO          935    i.__0printf$3       mc_p.l(printf3.o)
    0x08003940   0x0000002e   Code   RO         1168    i.__ARM_clz         mf_p.l(depilogue.o)
    0x0800396e   0x0000001a   Code   RO          321    i.__ARM_common_switch8  config.o
    0x08003988   0x00000008   Code   RO         1154    i.__aeabi_errno_addr  mc_p.l(errno.o)
    0x08003990   0x0000000e   Code   RO         1212    i.__scatterload_copy  mc_p.l(handlers.o)
    0x0800399e   0x00000002   Code   RO         1213    i.__scatterload_null  mc_p.l(handlers.o)
    0x080039a0   0x0000000e   Code   RO         1214    i.__scatterload_zeroinit  mc_p.l(handlers.o)
    0x080039ae   0x00000002   PAD
    0x080039b0   0x000001cc   Code   RO          942    i._printf_core      mc_p.l(printf3.o)
    0x08003b7c   0x0000003c   Data   RO          175    .constdata          drv_system.o
    0x08003bb8   0x000000c0   Data   RO          302    .constdata          config.o
    0x08003c78   0x00000081   Data   RO         1179    .constdata          mc_p.l(ctype_o.o)
    0x08003cf9   0x00000003   PAD
    0x08003cfc   0x00000004   Data   RO         1180    .constdata          mc_p.l(ctype_o.o)
    0x08003d00   0x0000004e   Data   RO          303    .conststring        config.o
    0x08003d4e   0x00000002   PAD
    0x08003d50   0x00000020   Data   RO         1210    Region$$Table       anon$$obj.o


    Execution Region ER_RW (Base: 0x20000000, Size: 0x00000080, Max: 0xffffffff, ABSOLUTE)

    Base Addr    Size         Type   Attr      Idx    E Section Name        Object

    0x20000000   0x00000010   Data   RW           13    .data               main.o
    0x20000010   0x00000008   Data   RW          176    .data               drv_system.o
    0x20000018   0x00000004   Data   RW          229    .data               drv_adc.o
    0x2000001c   0x0000000c   Data   RW          254    .data               drv_pwm.o
    0x20000028   0x00000006   Data   RW          255    .data               drv_pwm.o
    0x2000002e   0x00000002   PAD
    0x20000030   0x00000018   Data   RW          304    .data               config.o
    0x20000048   0x0000000c   Data   RW          333    .data               drv_timer.o
    0x20000054   0x00000010   Data   RW          658    .data               stm32f0xx_rcc.o
    0x20000064   0x00000014   Data   RW          802    .data               system_stm32f0xx.o
    0x20000078   0x00000004   Data   RW         1145    .data               mc_p.l(stdout.o)
    0x2000007c   0x00000004   Data   RW         1157    .data               mc_p.l(errno.o)


    Execution Region ER_ZI (Base: 0x20000080, Size: 0x00000740, Max: 0xffffffff, ABSOLUTE)

    Base Addr    Size         Type   Attr      Idx    E Section Name        Object

    0x20000080   0x00000210   Zero   RW          202    .bss                drv_uart.o
    0x20000290   0x00000120   Zero   RW          300    .bss                config.o
    0x200003b0   0x0000000c   Zero   RW          301    .bss                config.o
    0x200003bc   0x00000004   PAD
    0x200003c0   0x00000400   Zero   RW            1    STACK               startup_stm32f030.o


==============================================================================

Image component sizes


      Code (inc. data)   RO Data    RW Data    ZI Data      Debug   Object Name

      1746        244        270         24        300       6882   config.o
       256         12          0          4          0       1302   drv_adc.o
       114          0          0          0          0        734   drv_keyinput.o
       268         24          0         18          0       1787   drv_pwm.o
       324         38         60          8          0       8209   drv_system.o
       472         40          0         12          0       1728   drv_timer.o
       312         22          0          0        528       2233   drv_uart.o
       716         48          0         16          0     156536   main.o
       134          0          0          0          0       1628   queue.o
        28          8        180          0       1024        608   startup_stm32f030.o
       548         12          0          0          0       6635   stm32f0xx_adc.o
       292         12          0          0          0       3418   stm32f0xx_dma.o
       204         14          0          0          0       2275   stm32f0xx_exti.o
      1100         20          0          0          0       7823   stm32f0xx_flash.o
       348         22          0          0          0       3629   stm32f0xx_gpio.o
       108         20          0          0          0        909   stm32f0xx_it.o
       124         16          0          0          0       1392   stm32f0xx_misc.o
      1036         38          0         16          0       8406   stm32f0xx_rcc.o
       152          4          0          0          0       1990   stm32f0xx_syscfg.o
      2340        116          0          0          0      21475   stm32f0xx_tim.o
      1078         18          0          0          0      11666   stm32f0xx_usart.o
       344         28          0         20          0       1903   system_stm32f0xx.o

    ----------------------------------------------------------------------
     12050        756        544        120       1856     253168   Object Totals
         0          0         32          0          0          0   (incl. Generated)
         6          0          2          2          4          0   (incl. Padding)

    ----------------------------------------------------------------------

      Code (inc. data)   RO Data    RW Data    ZI Data      Debug   Library Member Name

        30          0          0          0          0         60   _chval.o
       166          0          0          0          0         84   _strtoul.o
        26          0          0          0          0         72   atoi.o
         8          4        133          0          0         60   ctype_o.o
         0          0          0          0          0          0   entry.o
         0          0          0          0          0          0   entry10a.o
         0          0          0          0          0          0   entry11a.o
         8          4          0          0          0          0   entry2.o
         4          0          0          0          0          0   entry5.o
         0          0          0          0          0          0   entry7b.o
         0          0          0          0          0          0   entry8b.o
         8          4          0          0          0          0   entry9a.o
         8          4          0          4          0         60   errno.o
        30          0          0          0          0          0   handlers.o
        36          8          0          0          0         68   init.o
         0          0          0          0          0          0   iusefp.o
        32          0          0          0          0         68   llshl.o
        38          0          0          0          0         68   llsshr.o
        34          0          0          0          0         68   llushr.o
        36          0          0          0          0         60   memcpya.o
        36          0          0          0          0        100   memseta.o
       492         12          0          0          0        168   printf3.o
         0          0          0          4          0          0   stdout.o
        24          0          0          0          0         60   strcat.o
        14          0          0          0          0         60   strlen.o
        46          0          0          0          0         76   strncasecmp.o
        26          0          0          0          0         68   strncpy.o
        40          0          0          0          0         72   strstr.o
       112          4          0          0          0         76   strtol.o
        12          0          0          0          0         60   tolower.o
        44          0          0          0          0         72   uidiv.o
        20          0          0          0          0         68   cfcmple.o
        20          0          0          0          0         68   cfrcmple.o
        56          0          0          0          0         68   d2f.o
       356          4          0          0          0        140   dadd.o
       240          6          0          0          0         84   ddiv.o
       236          0          0          0          0        216   depilogue.o
        40          6          0          0          0         68   dflti.o
       208          6          0          0          0         88   dmul.o
       178          0          0          0          0        108   fadd.o
       130          0          0          0          0        144   fepilogue.o
        50          0          0          0          0         60   ffixi.o
        22          0          0          0          0         68   fflti.o
       122          0          0          0          0         72   fmul.o

    ----------------------------------------------------------------------
      2998         62        136          8          0       2732   Library Totals
        10          0          3          0          0          0   (incl. Padding)

    ----------------------------------------------------------------------

      Code (inc. data)   RO Data    RW Data    ZI Data      Debug   Library Name

      1310         40        133          8          0       1480   mc_p.l
      1678         22          0          0          0       1252   mf_p.l

    ----------------------------------------------------------------------
      2998         62        136          8          0       2732   Library Totals

    ----------------------------------------------------------------------

==============================================================================


      Code (inc. data)   RO Data    RW Data    ZI Data      Debug   

     15048        818        680        128       1856     252076   Grand Totals
     15048        818        680        128       1856     252076   ELF Image Totals
     15048        818        680        128          0          0   ROM Totals

==============================================================================

    Total RO  Size (Code + RO Data)                15728 (  15.36kB)
    Total RW  Size (RW Data + ZI Data)              1984 (   1.94kB)
    Total ROM Size (Code + RO Data + RW Data)      15856 (  15.48kB)

==============================================================================

